******************************************************************************
             TMS320C2000 Linker PC v22.6.0                     
******************************************************************************
>> Linked Thu Feb  1 15:33:59 2024

OUTPUT FILE NAME:   <highspeed_motor_3.1.out>
ENTRY POINT SYMBOL: "_c_int00"  address: 00008607


MEMORY CONFIGURATION

         name            origin    length      used     unused   attr    fill
----------------------  --------  ---------  --------  --------  ----  --------
PAGE 0:
  RAML012               00008000   00001000  00000755  000008ab  RWIX
  OTP                   003d7800   00000400  00000000  00000400  RWIX
  FLASHH                003e8000   00002000  00000000  00002000  RWIX
  FLASHG                003ea000   00002000  00000000  00002000  RWIX
  FLASHF                003ec000   00002000  00000000  00002000  RWIX
  FLASHE                003ee000   00002000  00000000  00002000  RWIX
  FLASHD                003f0000   00002000  00000000  00002000  RWIX
  FLASHB                003f4000   00002000  00000000  00002000  RWIX
  FLASHA                003f6000   00001f80  0000076c  00001814  RWIX
  CSM_RSVD              003f7f80   00000076  00000000  00000076  RWIX
  BEGIN_FLASH           003f7ff6   00000002  00000002  00000000  RWIX
  CSM_PWL_P0            003f7ff8   00000008  00000000  00000008  RWIX
  ROM                   003ff27c   00000d44  00000000  00000d44  RWIX
  RESET                 003fffc0   00000002  00000000  00000002  RWIX
  VECTORS               003fffc2   0000003e  00000000  0000003e  RWIX

PAGE 1:
  BOOT_RSVD             00000000   00000040  00000000  00000040  RWIX
  RAMM0                 00000040   000003c0  00000000  000003c0  RWIX
  RAML3                 00009000   000007ff  00000000  000007ff  RWIX
  RAMM1                 0000a000   00000001  00000000  00000001  RWIX
  FLASHC_1              003f2000   000007ff  000000fe  00000701  RWIX
  FLASHC_2              003f3000   00001000  00001000  00000000  RWIX


SECTION ALLOCATION MAP

 output                                  attributes/
section   page    origin      length       input sections
--------  ----  ----------  ----------   ----------------
copysections 
*          0    003f6755    0000000f     
                  003f6755    0000000f     SectionCopy_nonBIOS.obj (copysections)

wddisable 
*          0    003f6764    00000008     
                  003f6764    00000008     CodeStartBranch.obj (wddisable)

codestart 
*          0    003f7ff6    00000002     
                  003f7ff6    00000002     CodeStartBranch.obj (codestart)

PieVectTable 
*          1    003f2000    000000fe     
                  003f2000    000000fe     source_vectors.obj (PieVectTable)

Sintable   1    003f3000    00001000     
                  003f3000    00001000     source_main.obj (Sintable)

.reset     0    003fffc0    00000000     DSECT

vectors    0    003fffc2    00000000     DSECT

.text      0    003f6000    00000755     RUN ADDR = 00008000
                  003f6000    0000048f     isr_current.obj (.text)
                  003f648f    00000178     source_initial.obj (.text)
                  003f6607    000000a9     source_main.obj (.text)
                  003f66b0    000000a5     isr_speed.obj (.text)

MODULE SUMMARY

       Module                    code   initialized data   uninitialized data
       ------                    ----   ----------------   ------------------
    .\
       source_main.obj           338    4096               0                 
       isr_current.obj           2334   0                  0                 
       source_initial.obj        752    0                  0                 
       isr_speed.obj             330    0                  0                 
       source_vectors.obj        0      254                0                 
       SectionCopy_nonBIOS.obj   15     0                  0                 
       CodeStartBranch.obj       10     0                  0                 
    +--+-------------------------+------+------------------+--------------------+
       Total:                    3779   4350               0                 
                                                                             
    +--+-------------------------+------+------------------+--------------------+
       Grand Total:              3779   4350               0                 


GLOBAL DATA SYMBOLS: SORTED BY DATA PAGE


[0 symbols]


GLOBAL SYMBOLS: SORTED ALPHABETICALLY BY Name 

page  address   name                 
----  -------   ----                 
0     00008000  .text                
0     0000848f  INITIAL_ALL          
0     00008633  PVECTORS_01          
0     00008634  PVECTORS_02          
0     00008635  PVECTORS_03          
0     00008636  PVECTORS_04          
0     00008637  PVECTORS_05          
0     00008638  PVECTORS_06          
0     00008639  PVECTORS_07          
0     0000863a  PVECTORS_08          
0     0000863b  PVECTORS_09          
0     0000863c  PVECTORS_10          
0     00008694  PVECTORS_100         
0     00008695  PVECTORS_101         
0     00008696  PVECTORS_102         
0     00008697  PVECTORS_103         
0     00008698  PVECTORS_104         
0     00008699  PVECTORS_105         
0     0000869a  PVECTORS_106         
0     0000869b  PVECTORS_107         
0     0000869c  PVECTORS_108         
0     0000869d  PVECTORS_109         
0     0000863d  PVECTORS_11          
0     0000869e  PVECTORS_110         
0     0000869f  PVECTORS_111         
0     000086a0  PVECTORS_112         
0     000086a1  PVECTORS_113         
0     000086a2  PVECTORS_114         
0     000086a3  PVECTORS_115         
0     000086a4  PVECTORS_116         
0     000086a5  PVECTORS_117         
0     000086a6  PVECTORS_118         
0     000086a7  PVECTORS_119         
0     0000863e  PVECTORS_12          
0     000086a8  PVECTORS_120         
0     000086a9  PVECTORS_121         
0     000086aa  PVECTORS_122         
0     000086ab  PVECTORS_123         
0     000086ac  PVECTORS_124         
0     000086ad  PVECTORS_125         
0     000086ae  PVECTORS_126         
0     000086af  PVECTORS_127         
0     0000863f  PVECTORS_13          
0     00008640  PVECTORS_14          
0     00008641  PVECTORS_15          
0     00008642  PVECTORS_16          
0     00008643  PVECTORS_17          
0     00008644  PVECTORS_18          
0     00008645  PVECTORS_19          
0     00008646  PVECTORS_20          
0     00008647  PVECTORS_21          
0     00008648  PVECTORS_22          
0     00008649  PVECTORS_23          
0     0000864a  PVECTORS_24          
0     0000864b  PVECTORS_25          
0     0000864c  PVECTORS_26          
0     0000864d  PVECTORS_27          
0     0000864e  PVECTORS_28          
0     0000864f  PVECTORS_29          
0     00008650  PVECTORS_30          
0     00008651  PVECTORS_31          
0     00008652  PVECTORS_32          
0     00008653  PVECTORS_33          
0     00008654  PVECTORS_34          
0     00008655  PVECTORS_35          
0     00008656  PVECTORS_36          
0     00008657  PVECTORS_37          
0     00008658  PVECTORS_38          
0     00008659  PVECTORS_39          
0     0000865a  PVECTORS_40          
0     0000865b  PVECTORS_41          
0     0000865c  PVECTORS_42          
0     0000865d  PVECTORS_43          
0     0000865e  PVECTORS_44          
0     0000865f  PVECTORS_45          
0     00008660  PVECTORS_46          
0     00008661  PVECTORS_47          
0     00008662  PVECTORS_48          
0     00008000  PVECTORS_49          
0     00008663  PVECTORS_50          
0     00008664  PVECTORS_51          
0     00008665  PVECTORS_52          
0     000086b0  PVECTORS_53          
0     00008666  PVECTORS_54          
0     00008667  PVECTORS_55          
0     00008668  PVECTORS_56          
0     00008669  PVECTORS_57          
0     0000866a  PVECTORS_58          
0     0000866b  PVECTORS_59          
0     0000866c  PVECTORS_60          
0     0000866d  PVECTORS_61          
0     0000866e  PVECTORS_62          
0     0000866f  PVECTORS_63          
0     00008670  PVECTORS_64          
0     00008671  PVECTORS_65          
0     00008672  PVECTORS_66          
0     00008673  PVECTORS_67          
0     00008674  PVECTORS_68          
0     00008675  PVECTORS_69          
0     00008676  PVECTORS_70          
0     00008677  PVECTORS_71          
0     00008678  PVECTORS_72          
0     00008679  PVECTORS_73          
0     0000867a  PVECTORS_74          
0     0000867b  PVECTORS_75          
0     0000867c  PVECTORS_76          
0     0000867d  PVECTORS_77          
0     0000867e  PVECTORS_78          
0     0000867f  PVECTORS_79          
0     00008680  PVECTORS_80          
0     00008681  PVECTORS_81          
0     00008682  PVECTORS_82          
0     00008683  PVECTORS_83          
0     00008684  PVECTORS_84          
0     00008685  PVECTORS_85          
0     00008686  PVECTORS_86          
0     00008687  PVECTORS_87          
0     00008688  PVECTORS_88          
0     00008689  PVECTORS_89          
0     0000868a  PVECTORS_90          
0     0000868b  PVECTORS_91          
0     0000868c  PVECTORS_92          
0     0000868d  PVECTORS_93          
0     0000868e  PVECTORS_94          
0     0000868f  PVECTORS_95          
0     00008690  PVECTORS_96          
0     00008691  PVECTORS_97          
0     00008692  PVECTORS_98          
0     00008693  PVECTORS_99          
abs   ffffffff  ___TI_pprof_out_hndl 
abs   ffffffff  ___TI_prof_data_size 
abs   ffffffff  ___TI_prof_data_start
abs   ffffffff  ___binit__           
abs   ffffffff  ___c_args__          
abs   ffffffff  ___cinit__           
0     00008755  ___etext__           
abs   ffffffff  ___pinit__           
0     00008000  ___text__            
0     00008607  _c_int00             
0     00008607  _main                
0     003f6000  _text_loadstart      
0     00008000  _text_runstart       
abs   00000755  _text_size           
abs   ffffffff  binit                
abs   ffffffff  cinit                
0     003f7ff6  code_start           
0     003f6755  copy_sections        
0     00008755  etext                
abs   ffffffff  pinit                


GLOBAL SYMBOLS: SORTED BY Symbol Address 

page  address   name                 
----  -------   ----                 
0     00008000  .text                
0     00008000  PVECTORS_49          
0     00008000  ___text__            
0     00008000  _text_runstart       
0     0000848f  INITIAL_ALL          
0     00008607  _c_int00             
0     00008607  _main                
0     00008633  PVECTORS_01          
0     00008634  PVECTORS_02          
0     00008635  PVECTORS_03          
0     00008636  PVECTORS_04          
0     00008637  PVECTORS_05          
0     00008638  PVECTORS_06          
0     00008639  PVECTORS_07          
0     0000863a  PVECTORS_08          
0     0000863b  PVECTORS_09          
0     0000863c  PVECTORS_10          
0     0000863d  PVECTORS_11          
0     0000863e  PVECTORS_12          
0     0000863f  PVECTORS_13          
0     00008640  PVECTORS_14          
0     00008641  PVECTORS_15          
0     00008642  PVECTORS_16          
0     00008643  PVECTORS_17          
0     00008644  PVECTORS_18          
0     00008645  PVECTORS_19          
0     00008646  PVECTORS_20          
0     00008647  PVECTORS_21          
0     00008648  PVECTORS_22          
0     00008649  PVECTORS_23          
0     0000864a  PVECTORS_24          
0     0000864b  PVECTORS_25          
0     0000864c  PVECTORS_26          
0     0000864d  PVECTORS_27          
0     0000864e  PVECTORS_28          
0     0000864f  PVECTORS_29          
0     00008650  PVECTORS_30          
0     00008651  PVECTORS_31          
0     00008652  PVECTORS_32          
0     00008653  PVECTORS_33          
0     00008654  PVECTORS_34          
0     00008655  PVECTORS_35          
0     00008656  PVECTORS_36          
0     00008657  PVECTORS_37          
0     00008658  PVECTORS_38          
0     00008659  PVECTORS_39          
0     0000865a  PVECTORS_40          
0     0000865b  PVECTORS_41          
0     0000865c  PVECTORS_42          
0     0000865d  PVECTORS_43          
0     0000865e  PVECTORS_44          
0     0000865f  PVECTORS_45          
0     00008660  PVECTORS_46          
0     00008661  PVECTORS_47          
0     00008662  PVECTORS_48          
0     00008663  PVECTORS_50          
0     00008664  PVECTORS_51          
0     00008665  PVECTORS_52          
0     00008666  PVECTORS_54          
0     00008667  PVECTORS_55          
0     00008668  PVECTORS_56          
0     00008669  PVECTORS_57          
0     0000866a  PVECTORS_58          
0     0000866b  PVECTORS_59          
0     0000866c  PVECTORS_60          
0     0000866d  PVECTORS_61          
0     0000866e  PVECTORS_62          
0     0000866f  PVECTORS_63          
0     00008670  PVECTORS_64          
0     00008671  PVECTORS_65          
0     00008672  PVECTORS_66          
0     00008673  PVECTORS_67          
0     00008674  PVECTORS_68          
0     00008675  PVECTORS_69          
0     00008676  PVECTORS_70          
0     00008677  PVECTORS_71          
0     00008678  PVECTORS_72          
0     00008679  PVECTORS_73          
0     0000867a  PVECTORS_74          
0     0000867b  PVECTORS_75          
0     0000867c  PVECTORS_76          
0     0000867d  PVECTORS_77          
0     0000867e  PVECTORS_78          
0     0000867f  PVECTORS_79          
0     00008680  PVECTORS_80          
0     00008681  PVECTORS_81          
0     00008682  PVECTORS_82          
0     00008683  PVECTORS_83          
0     00008684  PVECTORS_84          
0     00008685  PVECTORS_85          
0     00008686  PVECTORS_86          
0     00008687  PVECTORS_87          
0     00008688  PVECTORS_88          
0     00008689  PVECTORS_89          
0     0000868a  PVECTORS_90          
0     0000868b  PVECTORS_91          
0     0000868c  PVECTORS_92          
0     0000868d  PVECTORS_93          
0     0000868e  PVECTORS_94          
0     0000868f  PVECTORS_95          
0     00008690  PVECTORS_96          
0     00008691  PVECTORS_97          
0     00008692  PVECTORS_98          
0     00008693  PVECTORS_99          
0     00008694  PVECTORS_100         
0     00008695  PVECTORS_101         
0     00008696  PVECTORS_102         
0     00008697  PVECTORS_103         
0     00008698  PVECTORS_104         
0     00008699  PVECTORS_105         
0     0000869a  PVECTORS_106         
0     0000869b  PVECTORS_107         
0     0000869c  PVECTORS_108         
0     0000869d  PVECTORS_109         
0     0000869e  PVECTORS_110         
0     0000869f  PVECTORS_111         
0     000086a0  PVECTORS_112         
0     000086a1  PVECTORS_113         
0     000086a2  PVECTORS_114         
0     000086a3  PVECTORS_115         
0     000086a4  PVECTORS_116         
0     000086a5  PVECTORS_117         
0     000086a6  PVECTORS_118         
0     000086a7  PVECTORS_119         
0     000086a8  PVECTORS_120         
0     000086a9  PVECTORS_121         
0     000086aa  PVECTORS_122         
0     000086ab  PVECTORS_123         
0     000086ac  PVECTORS_124         
0     000086ad  PVECTORS_125         
0     000086ae  PVECTORS_126         
0     000086af  PVECTORS_127         
0     000086b0  PVECTORS_53          
0     00008755  ___etext__           
0     00008755  etext                
0     003f6000  _text_loadstart      
0     003f6755  copy_sections        
0     003f7ff6  code_start           
abs   00000755  _text_size           
abs   ffffffff  ___TI_pprof_out_hndl 
abs   ffffffff  ___TI_prof_data_size 
abs   ffffffff  ___TI_prof_data_start
abs   ffffffff  ___binit__           
abs   ffffffff  ___c_args__          
abs   ffffffff  ___cinit__           
abs   ffffffff  ___pinit__           
abs   ffffffff  binit                
abs   ffffffff  cinit                
abs   ffffffff  pinit                

[149 symbols]
