<?xml version="1.0" encoding="ISO-8859-1" ?>
<link_info>
   <banner>TMS320C2000 Linker PC v22.6.0.LTS</banner>
   <copyright>Copyright (c) 1996-2018 Texas Instruments Incorporated</copyright>
   <link_time>0x65bb4967</link_time>
   <link_errors>0x0</link_errors>
   <output_file>highspeed_motor_3.1.out</output_file>
   <entry_point>
      <name>_c_int00</name>
      <address>0x8607</address>
   </entry_point>
   <input_file_list>
      <input_file id="fl-2">
         <path>.\</path>
         <kind>object</kind>
         <file>CodeStartBranch.obj</file>
         <name>CodeStartBranch.obj</name>
      </input_file>
      <input_file id="fl-3">
         <path>.\</path>
         <kind>object</kind>
         <file>SectionCopy_nonBIOS.obj</file>
         <name>SectionCopy_nonBIOS.obj</name>
      </input_file>
      <input_file id="fl-4">
         <path>.\</path>
         <kind>object</kind>
         <file>isr_current.obj</file>
         <name>isr_current.obj</name>
      </input_file>
      <input_file id="fl-5">
         <path>.\</path>
         <kind>object</kind>
         <file>isr_speed.obj</file>
         <name>isr_speed.obj</name>
      </input_file>
      <input_file id="fl-6">
         <path>.\</path>
         <kind>object</kind>
         <file>source_initial.obj</file>
         <name>source_initial.obj</name>
      </input_file>
      <input_file id="fl-7">
         <path>.\</path>
         <kind>object</kind>
         <file>source_main.obj</file>
         <name>source_main.obj</name>
      </input_file>
      <input_file id="fl-8">
         <path>.\</path>
         <kind>object</kind>
         <file>source_vectors.obj</file>
         <name>source_vectors.obj</name>
      </input_file>
      <input_file id="fl-c">
         <kind>object</kind>
         <file>&lt;internal&gt;</file>
         <name>&lt;internal&gt;</name>
      </input_file>
   </input_file_list>
   <object_component_list>
      <object_component id="oc-e">
         <name>codestart</name>
         <load_address>0x3f7ff6</load_address>
         <run_address>0x3f7ff6</run_address>
         <size>0x2</size>
         <input_file_ref idref="fl-2"/>
      </object_component>
      <object_component id="oc-f">
         <name>wddisable</name>
         <load_address>0x3f6764</load_address>
         <run_address>0x3f6764</run_address>
         <size>0x8</size>
         <input_file_ref idref="fl-2"/>
      </object_component>
      <object_component id="oc-14">
         <name>copysections</name>
         <load_address>0x3f6755</load_address>
         <run_address>0x3f6755</run_address>
         <size>0xf</size>
         <input_file_ref idref="fl-3"/>
      </object_component>
      <object_component id="oc-2e">
         <name>PieVectTable</name>
         <load_address>0x3f2000</load_address>
         <run_address>0x3f2000</run_address>
         <size>0xfe</size>
         <input_file_ref idref="fl-8"/>
      </object_component>
      <object_component id="oc-29">
         <name>Sintable</name>
         <load_address>0x3f3000</load_address>
         <run_address>0x3f3000</run_address>
         <size>0x1000</size>
         <input_file_ref idref="fl-7"/>
      </object_component>
      <object_component id="oc-19">
         <name>.text</name>
         <load_address>0x3f6000</load_address>
         <run_address>0x8000</run_address>
         <size>0x48f</size>
         <input_file_ref idref="fl-4"/>
      </object_component>
      <object_component id="oc-23">
         <name>.text</name>
         <load_address>0x3f648f</load_address>
         <run_address>0x848f</run_address>
         <size>0x178</size>
         <input_file_ref idref="fl-6"/>
      </object_component>
      <object_component id="oc-28">
         <name>.text</name>
         <load_address>0x3f6607</load_address>
         <run_address>0x8607</run_address>
         <size>0xa9</size>
         <input_file_ref idref="fl-7"/>
      </object_component>
      <object_component id="oc-1e">
         <name>.text</name>
         <load_address>0x3f66b0</load_address>
         <run_address>0x86b0</run_address>
         <size>0xa5</size>
         <input_file_ref idref="fl-5"/>
      </object_component>
      <object_component id="oc-10">
         <name>.debug_line</name>
         <load_address>0x0</load_address>
         <run_address>0x0</run_address>
         <size>0x5b</size>
         <input_file_ref idref="fl-2"/>
      </object_component>
      <object_component id="oc-15">
         <name>.debug_line</name>
         <load_address>0x5b</load_address>
         <run_address>0x5b</run_address>
         <size>0x51</size>
         <input_file_ref idref="fl-3"/>
      </object_component>
      <object_component id="oc-1a">
         <name>.debug_line</name>
         <load_address>0xac</load_address>
         <run_address>0xac</run_address>
         <size>0x39d</size>
         <input_file_ref idref="fl-4"/>
      </object_component>
      <object_component id="oc-1f">
         <name>.debug_line</name>
         <load_address>0x449</load_address>
         <run_address>0x449</run_address>
         <size>0xae</size>
         <input_file_ref idref="fl-5"/>
      </object_component>
      <object_component id="oc-24">
         <name>.debug_line</name>
         <load_address>0x4f7</load_address>
         <run_address>0x4f7</run_address>
         <size>0x128</size>
         <input_file_ref idref="fl-6"/>
      </object_component>
      <object_component id="oc-2a">
         <name>.debug_line</name>
         <load_address>0x61f</load_address>
         <run_address>0x61f</run_address>
         <size>0xdd</size>
         <input_file_ref idref="fl-7"/>
      </object_component>
      <object_component id="oc-11">
         <name>.debug_info</name>
         <load_address>0x0</load_address>
         <run_address>0x0</run_address>
         <size>0x121</size>
         <input_file_ref idref="fl-2"/>
      </object_component>
      <object_component id="oc-16">
         <name>.debug_info</name>
         <load_address>0x121</load_address>
         <run_address>0x121</run_address>
         <size>0x116</size>
         <input_file_ref idref="fl-3"/>
      </object_component>
      <object_component id="oc-1b">
         <name>.debug_info</name>
         <load_address>0x237</load_address>
         <run_address>0x237</run_address>
         <size>0xf2</size>
         <input_file_ref idref="fl-4"/>
      </object_component>
      <object_component id="oc-20">
         <name>.debug_info</name>
         <load_address>0x329</load_address>
         <run_address>0x329</run_address>
         <size>0xed</size>
         <input_file_ref idref="fl-5"/>
      </object_component>
      <object_component id="oc-25">
         <name>.debug_info</name>
         <load_address>0x416</load_address>
         <run_address>0x416</run_address>
         <size>0x102</size>
         <input_file_ref idref="fl-6"/>
      </object_component>
      <object_component id="oc-2b">
         <name>.debug_info</name>
         <load_address>0x518</load_address>
         <run_address>0x518</run_address>
         <size>0x108</size>
         <input_file_ref idref="fl-7"/>
      </object_component>
      <object_component id="oc-44">
         <name>.debug_info</name>
         <load_address>0x620</load_address>
         <run_address>0x620</run_address>
         <size>0xbe</size>
      </object_component>
      <object_component id="oc-12">
         <name>.debug_abbrev</name>
         <load_address>0x0</load_address>
         <run_address>0x0</run_address>
         <size>0x21</size>
         <input_file_ref idref="fl-2"/>
      </object_component>
      <object_component id="oc-17">
         <name>.debug_abbrev</name>
         <load_address>0x21</load_address>
         <run_address>0x21</run_address>
         <size>0x3d</size>
         <input_file_ref idref="fl-3"/>
      </object_component>
      <object_component id="oc-1c">
         <name>.debug_abbrev</name>
         <load_address>0x5e</load_address>
         <run_address>0x5e</run_address>
         <size>0x21</size>
         <input_file_ref idref="fl-4"/>
      </object_component>
      <object_component id="oc-21">
         <name>.debug_abbrev</name>
         <load_address>0x7f</load_address>
         <run_address>0x7f</run_address>
         <size>0x21</size>
         <input_file_ref idref="fl-5"/>
      </object_component>
      <object_component id="oc-26">
         <name>.debug_abbrev</name>
         <load_address>0xa0</load_address>
         <run_address>0xa0</run_address>
         <size>0x2f</size>
         <input_file_ref idref="fl-6"/>
      </object_component>
      <object_component id="oc-2c">
         <name>.debug_abbrev</name>
         <load_address>0xcf</load_address>
         <run_address>0xcf</run_address>
         <size>0x31</size>
         <input_file_ref idref="fl-7"/>
      </object_component>
      <object_component id="oc-45">
         <name>.debug_abbrev</name>
         <load_address>0x100</load_address>
         <run_address>0x100</run_address>
         <size>0xf</size>
      </object_component>
      <object_component id="oc-13">
         <name>.debug_aranges</name>
         <load_address>0x0</load_address>
         <run_address>0x0</run_address>
         <size>0x28</size>
         <input_file_ref idref="fl-2"/>
      </object_component>
      <object_component id="oc-18">
         <name>.debug_aranges</name>
         <load_address>0x28</load_address>
         <run_address>0x28</run_address>
         <size>0x20</size>
         <input_file_ref idref="fl-3"/>
      </object_component>
      <object_component id="oc-1d">
         <name>.debug_aranges</name>
         <load_address>0x48</load_address>
         <run_address>0x48</run_address>
         <size>0x20</size>
         <input_file_ref idref="fl-4"/>
      </object_component>
      <object_component id="oc-22">
         <name>.debug_aranges</name>
         <load_address>0x68</load_address>
         <run_address>0x68</run_address>
         <size>0x20</size>
         <input_file_ref idref="fl-5"/>
      </object_component>
      <object_component id="oc-27">
         <name>.debug_aranges</name>
         <load_address>0x88</load_address>
         <run_address>0x88</run_address>
         <size>0x20</size>
         <input_file_ref idref="fl-6"/>
      </object_component>
      <object_component id="oc-2d">
         <name>.debug_aranges</name>
         <load_address>0xa8</load_address>
         <run_address>0xa8</run_address>
         <size>0x20</size>
         <input_file_ref idref="fl-7"/>
      </object_component>
   </object_component_list>
   <logical_group_list>
      <logical_group id="lg-2" display="no" color="cyan">
         <name>csmpasswds</name>
         <run_address>0x0</run_address>
         <size>0x0</size>
         <contents>
         </contents>
      </logical_group>
      <logical_group id="lg-3" display="no" color="cyan">
         <name>csm_rsvd</name>
         <run_address>0x0</run_address>
         <size>0x0</size>
         <contents>
         </contents>
      </logical_group>
      <logical_group id="lg-4" display="no" color="cyan">
         <name>codestart</name>
         <load_address>0x3f7ff6</load_address>
         <run_address>0x3f7ff6</run_address>
         <size>0x2</size>
         <contents>
            <object_component_ref idref="oc-e"/>
         </contents>
      </logical_group>
      <logical_group id="lg-5" display="no" color="cyan">
         <name>wddisable</name>
         <load_address>0x3f6764</load_address>
         <run_address>0x3f6764</run_address>
         <size>0x8</size>
         <contents>
            <object_component_ref idref="oc-f"/>
         </contents>
      </logical_group>
      <logical_group id="lg-6" display="no" color="cyan">
         <name>copysections</name>
         <load_address>0x3f6755</load_address>
         <run_address>0x3f6755</run_address>
         <size>0xf</size>
         <contents>
            <object_component_ref idref="oc-14"/>
         </contents>
      </logical_group>
      <logical_group id="lg-7" display="no" color="cyan">
         <name>PieVectTable</name>
         <load_address>0x3f2000</load_address>
         <run_address>0x3f2000</run_address>
         <size>0xfe</size>
         <contents>
            <object_component_ref idref="oc-2e"/>
         </contents>
      </logical_group>
      <logical_group id="lg-8" display="no" color="cyan">
         <name>Sintable</name>
         <load_address>0x3f3000</load_address>
         <run_address>0x3f3000</run_address>
         <size>0x1000</size>
         <contents>
            <object_component_ref idref="oc-29"/>
         </contents>
      </logical_group>
      <logical_group id="lg-9" display="no" color="cyan">
         <name>Arctantable</name>
         <run_address>0x0</run_address>
         <size>0x0</size>
         <contents>
         </contents>
      </logical_group>
      <logical_group id="lg-a" display="no" color="cyan">
         <name>.reset</name>
         <run_address>0x3fffc0</run_address>
         <size>0x0</size>
         <contents>
         </contents>
      </logical_group>
      <logical_group id="lg-b" display="no" color="cyan">
         <name>vectors</name>
         <run_address>0x3fffc2</run_address>
         <size>0x0</size>
         <contents>
         </contents>
      </logical_group>
      <logical_group id="lg-c" display="no" color="cyan">
         <name>.text</name>
         <load_address>0x3f6000</load_address>
         <run_address>0x8000</run_address>
         <size>0x755</size>
         <contents>
            <object_component_ref idref="oc-19"/>
            <object_component_ref idref="oc-23"/>
            <object_component_ref idref="oc-28"/>
            <object_component_ref idref="oc-1e"/>
         </contents>
      </logical_group>
      <logical_group id="lg-3a" display="never" color="cyan">
         <name>.debug_line</name>
         <load_address>0x0</load_address>
         <run_address>0x0</run_address>
         <size>0x6fc</size>
         <contents>
            <object_component_ref idref="oc-10"/>
            <object_component_ref idref="oc-15"/>
            <object_component_ref idref="oc-1a"/>
            <object_component_ref idref="oc-1f"/>
            <object_component_ref idref="oc-24"/>
            <object_component_ref idref="oc-2a"/>
         </contents>
      </logical_group>
      <logical_group id="lg-3c" display="never" color="cyan">
         <name>.debug_info</name>
         <load_address>0x0</load_address>
         <run_address>0x0</run_address>
         <size>0x6de</size>
         <contents>
            <object_component_ref idref="oc-11"/>
            <object_component_ref idref="oc-16"/>
            <object_component_ref idref="oc-1b"/>
            <object_component_ref idref="oc-20"/>
            <object_component_ref idref="oc-25"/>
            <object_component_ref idref="oc-2b"/>
            <object_component_ref idref="oc-44"/>
         </contents>
      </logical_group>
      <logical_group id="lg-3e" display="never" color="cyan">
         <name>.debug_abbrev</name>
         <load_address>0x0</load_address>
         <run_address>0x0</run_address>
         <size>0x10f</size>
         <contents>
            <object_component_ref idref="oc-12"/>
            <object_component_ref idref="oc-17"/>
            <object_component_ref idref="oc-1c"/>
            <object_component_ref idref="oc-21"/>
            <object_component_ref idref="oc-26"/>
            <object_component_ref idref="oc-2c"/>
            <object_component_ref idref="oc-45"/>
         </contents>
      </logical_group>
      <logical_group id="lg-40" display="never" color="cyan">
         <name>.debug_aranges</name>
         <load_address>0x0</load_address>
         <run_address>0x0</run_address>
         <size>0xc8</size>
         <contents>
            <object_component_ref idref="oc-13"/>
            <object_component_ref idref="oc-18"/>
            <object_component_ref idref="oc-1d"/>
            <object_component_ref idref="oc-22"/>
            <object_component_ref idref="oc-27"/>
            <object_component_ref idref="oc-2d"/>
         </contents>
      </logical_group>
   </logical_group_list>
   <placement_map>
      <memory_area display="yes" color="green">
         <name>RAML012</name>
         <page_id>0x0</page_id>
         <origin>0x8000</origin>
         <length>0x1000</length>
         <used_space>0x755</used_space>
         <unused_space>0x8ab</unused_space>
         <attributes>RWIX</attributes>
         <usage_details>
            <allocated_space>
               <start_address>0x8000</start_address>
               <size>0x755</size>
               <logical_group_ref idref="lg-c"/>
            </allocated_space>
            <available_space>
               <start_address>0x8755</start_address>
               <size>0x8ab</size>
            </available_space>
         </usage_details>
      </memory_area>
      <memory_area display="yes" color="green">
         <name>OTP</name>
         <page_id>0x0</page_id>
         <origin>0x3d7800</origin>
         <length>0x400</length>
         <used_space>0x0</used_space>
         <unused_space>0x400</unused_space>
         <attributes>RWIX</attributes>
         <usage_details>
         </usage_details>
      </memory_area>
      <memory_area display="yes" color="green">
         <name>FLASHH</name>
         <page_id>0x0</page_id>
         <origin>0x3e8000</origin>
         <length>0x2000</length>
         <used_space>0x0</used_space>
         <unused_space>0x2000</unused_space>
         <attributes>RWIX</attributes>
         <usage_details>
         </usage_details>
      </memory_area>
      <memory_area display="yes" color="green">
         <name>FLASHG</name>
         <page_id>0x0</page_id>
         <origin>0x3ea000</origin>
         <length>0x2000</length>
         <used_space>0x0</used_space>
         <unused_space>0x2000</unused_space>
         <attributes>RWIX</attributes>
         <usage_details>
         </usage_details>
      </memory_area>
      <memory_area display="yes" color="green">
         <name>FLASHF</name>
         <page_id>0x0</page_id>
         <origin>0x3ec000</origin>
         <length>0x2000</length>
         <used_space>0x0</used_space>
         <unused_space>0x2000</unused_space>
         <attributes>RWIX</attributes>
         <usage_details>
         </usage_details>
      </memory_area>
      <memory_area display="yes" color="green">
         <name>FLASHE</name>
         <page_id>0x0</page_id>
         <origin>0x3ee000</origin>
         <length>0x2000</length>
         <used_space>0x0</used_space>
         <unused_space>0x2000</unused_space>
         <attributes>RWIX</attributes>
         <usage_details>
         </usage_details>
      </memory_area>
      <memory_area display="yes" color="green">
         <name>FLASHD</name>
         <page_id>0x0</page_id>
         <origin>0x3f0000</origin>
         <length>0x2000</length>
         <used_space>0x0</used_space>
         <unused_space>0x2000</unused_space>
         <attributes>RWIX</attributes>
         <usage_details>
         </usage_details>
      </memory_area>
      <memory_area display="yes" color="green">
         <name>FLASHB</name>
         <page_id>0x0</page_id>
         <origin>0x3f4000</origin>
         <length>0x2000</length>
         <used_space>0x0</used_space>
         <unused_space>0x2000</unused_space>
         <attributes>RWIX</attributes>
         <usage_details>
         </usage_details>
      </memory_area>
      <memory_area display="yes" color="green">
         <name>FLASHA</name>
         <page_id>0x0</page_id>
         <origin>0x3f6000</origin>
         <length>0x1f80</length>
         <used_space>0x76c</used_space>
         <unused_space>0x1814</unused_space>
         <attributes>RWIX</attributes>
         <usage_details>
            <allocated_space>
               <start_address>0x3f6000</start_address>
               <size>0x755</size>
               <logical_group_ref idref="lg-c"/>
            </allocated_space>
            <allocated_space>
               <start_address>0x3f6755</start_address>
               <size>0xf</size>
               <logical_group_ref idref="lg-6"/>
            </allocated_space>
            <allocated_space>
               <start_address>0x3f6764</start_address>
               <size>0x8</size>
               <logical_group_ref idref="lg-5"/>
            </allocated_space>
            <available_space>
               <start_address>0x3f676c</start_address>
               <size>0x1814</size>
            </available_space>
         </usage_details>
      </memory_area>
      <memory_area display="yes" color="green">
         <name>CSM_RSVD</name>
         <page_id>0x0</page_id>
         <origin>0x3f7f80</origin>
         <length>0x76</length>
         <used_space>0x0</used_space>
         <unused_space>0x76</unused_space>
         <attributes>RWIX</attributes>
         <usage_details>
         </usage_details>
      </memory_area>
      <memory_area display="no" color="green">
         <name>BEGIN_FLASH</name>
         <page_id>0x0</page_id>
         <origin>0x3f7ff6</origin>
         <length>0x2</length>
         <used_space>0x2</used_space>
         <unused_space>0x0</unused_space>
         <attributes>RWIX</attributes>
         <usage_details>
            <allocated_space>
               <start_address>0x3f7ff6</start_address>
               <size>0x2</size>
               <logical_group_ref idref="lg-4"/>
            </allocated_space>
         </usage_details>
      </memory_area>
      <memory_area display="no" color="green">
         <name>CSM_PWL_P0</name>
         <page_id>0x0</page_id>
         <origin>0x3f7ff8</origin>
         <length>0x8</length>
         <used_space>0x0</used_space>
         <unused_space>0x8</unused_space>
         <attributes>RWIX</attributes>
         <usage_details>
         </usage_details>
      </memory_area>
      <memory_area display="yes" color="green">
         <name>ROM</name>
         <page_id>0x0</page_id>
         <origin>0x3ff27c</origin>
         <length>0xd44</length>
         <used_space>0x0</used_space>
         <unused_space>0xd44</unused_space>
         <attributes>RWIX</attributes>
         <usage_details>
         </usage_details>
      </memory_area>
      <memory_area display="no" color="green">
         <name>RESET</name>
         <page_id>0x0</page_id>
         <origin>0x3fffc0</origin>
         <length>0x2</length>
         <used_space>0x0</used_space>
         <unused_space>0x2</unused_space>
         <attributes>RWIX</attributes>
         <usage_details>
         </usage_details>
      </memory_area>
      <memory_area display="no" color="green">
         <name>VECTORS</name>
         <page_id>0x0</page_id>
         <origin>0x3fffc2</origin>
         <length>0x3e</length>
         <used_space>0x0</used_space>
         <unused_space>0x3e</unused_space>
         <attributes>RWIX</attributes>
         <usage_details>
         </usage_details>
      </memory_area>
      <memory_area display="no" color="green">
         <name>BOOT_RSVD</name>
         <page_id>0x1</page_id>
         <origin>0x0</origin>
         <length>0x40</length>
         <used_space>0x0</used_space>
         <unused_space>0x40</unused_space>
         <attributes>RWIX</attributes>
         <usage_details>
         </usage_details>
      </memory_area>
      <memory_area display="yes" color="green">
         <name>RAMM0</name>
         <page_id>0x1</page_id>
         <origin>0x40</origin>
         <length>0x3c0</length>
         <used_space>0x0</used_space>
         <unused_space>0x3c0</unused_space>
         <attributes>RWIX</attributes>
         <usage_details>
         </usage_details>
      </memory_area>
      <memory_area display="yes" color="green">
         <name>RAML3</name>
         <page_id>0x1</page_id>
         <origin>0x9000</origin>
         <length>0x7ff</length>
         <used_space>0x0</used_space>
         <unused_space>0x7ff</unused_space>
         <attributes>RWIX</attributes>
         <usage_details>
         </usage_details>
      </memory_area>
      <memory_area display="no" color="green">
         <name>RAMM1</name>
         <page_id>0x1</page_id>
         <origin>0xa000</origin>
         <length>0x1</length>
         <used_space>0x0</used_space>
         <unused_space>0x1</unused_space>
         <attributes>RWIX</attributes>
         <usage_details>
         </usage_details>
      </memory_area>
      <memory_area display="yes" color="green">
         <name>FLASHC_1</name>
         <page_id>0x1</page_id>
         <origin>0x3f2000</origin>
         <length>0x7ff</length>
         <used_space>0xfe</used_space>
         <unused_space>0x701</unused_space>
         <attributes>RWIX</attributes>
         <usage_details>
            <allocated_space>
               <start_address>0x3f2000</start_address>
               <size>0xfe</size>
               <logical_group_ref idref="lg-7"/>
            </allocated_space>
            <available_space>
               <start_address>0x3f20fe</start_address>
               <size>0x701</size>
            </available_space>
         </usage_details>
      </memory_area>
      <memory_area display="yes" color="green">
         <name>FLASHC_2</name>
         <page_id>0x1</page_id>
         <origin>0x3f3000</origin>
         <length>0x1000</length>
         <used_space>0x1000</used_space>
         <unused_space>0x0</unused_space>
         <attributes>RWIX</attributes>
         <usage_details>
            <allocated_space>
               <start_address>0x3f3000</start_address>
               <size>0x1000</size>
               <logical_group_ref idref="lg-8"/>
            </allocated_space>
         </usage_details>
      </memory_area>
   </placement_map>
   <symbol_table>
      <symbol id="sm-0">
         <name>_text_loadstart</name>
         <value>0x3f6000</value>
      </symbol>
      <symbol id="sm-1">
         <name>_text_runstart</name>
         <value>0x8000</value>
      </symbol>
      <symbol id="sm-2">
         <name>_text_size</name>
         <value>0x755</value>
      </symbol>
      <symbol id="sm-3">
         <name>cinit</name>
         <value>0xffffffff</value>
      </symbol>
      <symbol id="sm-4">
         <name>___cinit__</name>
         <value>0xffffffff</value>
      </symbol>
      <symbol id="sm-5">
         <name>pinit</name>
         <value>0xffffffff</value>
      </symbol>
      <symbol id="sm-6">
         <name>___pinit__</name>
         <value>0xffffffff</value>
      </symbol>
      <symbol id="sm-7">
         <name>binit</name>
         <value>0xffffffff</value>
      </symbol>
      <symbol id="sm-8">
         <name>___binit__</name>
         <value>0xffffffff</value>
      </symbol>
      <symbol id="sm-9">
         <name>___c_args__</name>
         <value>0xffffffff</value>
      </symbol>
      <symbol id="sm-a">
         <name>.text</name>
         <value>0x8000</value>
      </symbol>
      <symbol id="sm-b">
         <name>___text__</name>
         <value>0x8000</value>
      </symbol>
      <symbol id="sm-c">
         <name>etext</name>
         <value>0x8755</value>
      </symbol>
      <symbol id="sm-d">
         <name>___etext__</name>
         <value>0x8755</value>
      </symbol>
      <symbol id="sm-e">
         <name>___TI_pprof_out_hndl</name>
         <value>0xffffffff</value>
      </symbol>
      <symbol id="sm-f">
         <name>___TI_prof_data_start</name>
         <value>0xffffffff</value>
      </symbol>
      <symbol id="sm-10">
         <name>___TI_prof_data_size</name>
         <value>0xffffffff</value>
      </symbol>
      <symbol id="sm-3e">
         <name>code_start</name>
         <value>0x3f7ff6</value>
         <object_component_ref idref="oc-e"/>
      </symbol>
      <symbol id="sm-4c">
         <name>copy_sections</name>
         <value>0x3f6755</value>
         <object_component_ref idref="oc-14"/>
      </symbol>
      <symbol id="sm-3f2">
         <name>PVECTORS_49</name>
         <value>0x8000</value>
         <object_component_ref idref="oc-19"/>
      </symbol>
      <symbol id="sm-774">
         <name>PVECTORS_53</name>
         <value>0x86b0</value>
         <object_component_ref idref="oc-1e"/>
      </symbol>
      <symbol id="sm-af0">
         <name>INITIAL_ALL</name>
         <value>0x848f</value>
         <object_component_ref idref="oc-23"/>
      </symbol>
      <symbol id="sm-e6f">
         <name>_main</name>
         <value>0x8607</value>
         <object_component_ref idref="oc-28"/>
      </symbol>
      <symbol id="sm-e70">
         <name>_c_int00</name>
         <value>0x8607</value>
         <object_component_ref idref="oc-28"/>
      </symbol>
      <symbol id="sm-e71">
         <name>PVECTORS_39</name>
         <value>0x8659</value>
         <object_component_ref idref="oc-28"/>
      </symbol>
      <symbol id="sm-e72">
         <name>PVECTORS_38</name>
         <value>0x8658</value>
         <object_component_ref idref="oc-28"/>
      </symbol>
      <symbol id="sm-e73">
         <name>PVECTORS_31</name>
         <value>0x8651</value>
         <object_component_ref idref="oc-28"/>
      </symbol>
      <symbol id="sm-e74">
         <name>PVECTORS_30</name>
         <value>0x8650</value>
         <object_component_ref idref="oc-28"/>
      </symbol>
      <symbol id="sm-e75">
         <name>PVECTORS_33</name>
         <value>0x8653</value>
         <object_component_ref idref="oc-28"/>
      </symbol>
      <symbol id="sm-e76">
         <name>PVECTORS_32</name>
         <value>0x8652</value>
         <object_component_ref idref="oc-28"/>
      </symbol>
      <symbol id="sm-e77">
         <name>PVECTORS_35</name>
         <value>0x8655</value>
         <object_component_ref idref="oc-28"/>
      </symbol>
      <symbol id="sm-e78">
         <name>PVECTORS_34</name>
         <value>0x8654</value>
         <object_component_ref idref="oc-28"/>
      </symbol>
      <symbol id="sm-e79">
         <name>PVECTORS_37</name>
         <value>0x8657</value>
         <object_component_ref idref="oc-28"/>
      </symbol>
      <symbol id="sm-e7a">
         <name>PVECTORS_36</name>
         <value>0x8656</value>
         <object_component_ref idref="oc-28"/>
      </symbol>
      <symbol id="sm-e7b">
         <name>PVECTORS_29</name>
         <value>0x864f</value>
         <object_component_ref idref="oc-28"/>
      </symbol>
      <symbol id="sm-e7c">
         <name>PVECTORS_28</name>
         <value>0x864e</value>
         <object_component_ref idref="oc-28"/>
      </symbol>
      <symbol id="sm-e7d">
         <name>PVECTORS_21</name>
         <value>0x8647</value>
         <object_component_ref idref="oc-28"/>
      </symbol>
      <symbol id="sm-e7e">
         <name>PVECTORS_20</name>
         <value>0x8646</value>
         <object_component_ref idref="oc-28"/>
      </symbol>
      <symbol id="sm-e7f">
         <name>PVECTORS_23</name>
         <value>0x8649</value>
         <object_component_ref idref="oc-28"/>
      </symbol>
      <symbol id="sm-e80">
         <name>PVECTORS_22</name>
         <value>0x8648</value>
         <object_component_ref idref="oc-28"/>
      </symbol>
      <symbol id="sm-e81">
         <name>PVECTORS_25</name>
         <value>0x864b</value>
         <object_component_ref idref="oc-28"/>
      </symbol>
      <symbol id="sm-e82">
         <name>PVECTORS_24</name>
         <value>0x864a</value>
         <object_component_ref idref="oc-28"/>
      </symbol>
      <symbol id="sm-e83">
         <name>PVECTORS_27</name>
         <value>0x864d</value>
         <object_component_ref idref="oc-28"/>
      </symbol>
      <symbol id="sm-e84">
         <name>PVECTORS_26</name>
         <value>0x864c</value>
         <object_component_ref idref="oc-28"/>
      </symbol>
      <symbol id="sm-e85">
         <name>PVECTORS_19</name>
         <value>0x8645</value>
         <object_component_ref idref="oc-28"/>
      </symbol>
      <symbol id="sm-e86">
         <name>PVECTORS_18</name>
         <value>0x8644</value>
         <object_component_ref idref="oc-28"/>
      </symbol>
      <symbol id="sm-e87">
         <name>PVECTORS_11</name>
         <value>0x863d</value>
         <object_component_ref idref="oc-28"/>
      </symbol>
      <symbol id="sm-e88">
         <name>PVECTORS_10</name>
         <value>0x863c</value>
         <object_component_ref idref="oc-28"/>
      </symbol>
      <symbol id="sm-e89">
         <name>PVECTORS_13</name>
         <value>0x863f</value>
         <object_component_ref idref="oc-28"/>
      </symbol>
      <symbol id="sm-e8a">
         <name>PVECTORS_12</name>
         <value>0x863e</value>
         <object_component_ref idref="oc-28"/>
      </symbol>
      <symbol id="sm-e8b">
         <name>PVECTORS_15</name>
         <value>0x8641</value>
         <object_component_ref idref="oc-28"/>
      </symbol>
      <symbol id="sm-e8c">
         <name>PVECTORS_14</name>
         <value>0x8640</value>
         <object_component_ref idref="oc-28"/>
      </symbol>
      <symbol id="sm-e8d">
         <name>PVECTORS_17</name>
         <value>0x8643</value>
         <object_component_ref idref="oc-28"/>
      </symbol>
      <symbol id="sm-e8e">
         <name>PVECTORS_16</name>
         <value>0x8642</value>
         <object_component_ref idref="oc-28"/>
      </symbol>
      <symbol id="sm-e8f">
         <name>PVECTORS_09</name>
         <value>0x863b</value>
         <object_component_ref idref="oc-28"/>
      </symbol>
      <symbol id="sm-e90">
         <name>PVECTORS_08</name>
         <value>0x863a</value>
         <object_component_ref idref="oc-28"/>
      </symbol>
      <symbol id="sm-e91">
         <name>PVECTORS_01</name>
         <value>0x8633</value>
         <object_component_ref idref="oc-28"/>
      </symbol>
      <symbol id="sm-e92">
         <name>PVECTORS_03</name>
         <value>0x8635</value>
         <object_component_ref idref="oc-28"/>
      </symbol>
      <symbol id="sm-e93">
         <name>PVECTORS_02</name>
         <value>0x8634</value>
         <object_component_ref idref="oc-28"/>
      </symbol>
      <symbol id="sm-e94">
         <name>PVECTORS_05</name>
         <value>0x8637</value>
         <object_component_ref idref="oc-28"/>
      </symbol>
      <symbol id="sm-e95">
         <name>PVECTORS_04</name>
         <value>0x8636</value>
         <object_component_ref idref="oc-28"/>
      </symbol>
      <symbol id="sm-e96">
         <name>PVECTORS_07</name>
         <value>0x8639</value>
         <object_component_ref idref="oc-28"/>
      </symbol>
      <symbol id="sm-e97">
         <name>PVECTORS_06</name>
         <value>0x8638</value>
         <object_component_ref idref="oc-28"/>
      </symbol>
      <symbol id="sm-e98">
         <name>PVECTORS_79</name>
         <value>0x867f</value>
         <object_component_ref idref="oc-28"/>
      </symbol>
      <symbol id="sm-e99">
         <name>PVECTORS_78</name>
         <value>0x867e</value>
         <object_component_ref idref="oc-28"/>
      </symbol>
      <symbol id="sm-e9a">
         <name>PVECTORS_71</name>
         <value>0x8677</value>
         <object_component_ref idref="oc-28"/>
      </symbol>
      <symbol id="sm-e9b">
         <name>PVECTORS_70</name>
         <value>0x8676</value>
         <object_component_ref idref="oc-28"/>
      </symbol>
      <symbol id="sm-e9c">
         <name>PVECTORS_73</name>
         <value>0x8679</value>
         <object_component_ref idref="oc-28"/>
      </symbol>
      <symbol id="sm-e9d">
         <name>PVECTORS_72</name>
         <value>0x8678</value>
         <object_component_ref idref="oc-28"/>
      </symbol>
      <symbol id="sm-e9e">
         <name>PVECTORS_75</name>
         <value>0x867b</value>
         <object_component_ref idref="oc-28"/>
      </symbol>
      <symbol id="sm-e9f">
         <name>PVECTORS_74</name>
         <value>0x867a</value>
         <object_component_ref idref="oc-28"/>
      </symbol>
      <symbol id="sm-ea0">
         <name>PVECTORS_77</name>
         <value>0x867d</value>
         <object_component_ref idref="oc-28"/>
      </symbol>
      <symbol id="sm-ea1">
         <name>PVECTORS_76</name>
         <value>0x867c</value>
         <object_component_ref idref="oc-28"/>
      </symbol>
      <symbol id="sm-ea2">
         <name>PVECTORS_69</name>
         <value>0x8675</value>
         <object_component_ref idref="oc-28"/>
      </symbol>
      <symbol id="sm-ea3">
         <name>PVECTORS_68</name>
         <value>0x8674</value>
         <object_component_ref idref="oc-28"/>
      </symbol>
      <symbol id="sm-ea4">
         <name>PVECTORS_61</name>
         <value>0x866d</value>
         <object_component_ref idref="oc-28"/>
      </symbol>
      <symbol id="sm-ea5">
         <name>PVECTORS_60</name>
         <value>0x866c</value>
         <object_component_ref idref="oc-28"/>
      </symbol>
      <symbol id="sm-ea6">
         <name>PVECTORS_63</name>
         <value>0x866f</value>
         <object_component_ref idref="oc-28"/>
      </symbol>
      <symbol id="sm-ea7">
         <name>PVECTORS_62</name>
         <value>0x866e</value>
         <object_component_ref idref="oc-28"/>
      </symbol>
      <symbol id="sm-ea8">
         <name>PVECTORS_65</name>
         <value>0x8671</value>
         <object_component_ref idref="oc-28"/>
      </symbol>
      <symbol id="sm-ea9">
         <name>PVECTORS_64</name>
         <value>0x8670</value>
         <object_component_ref idref="oc-28"/>
      </symbol>
      <symbol id="sm-eaa">
         <name>PVECTORS_67</name>
         <value>0x8673</value>
         <object_component_ref idref="oc-28"/>
      </symbol>
      <symbol id="sm-eab">
         <name>PVECTORS_66</name>
         <value>0x8672</value>
         <object_component_ref idref="oc-28"/>
      </symbol>
      <symbol id="sm-eac">
         <name>PVECTORS_59</name>
         <value>0x866b</value>
         <object_component_ref idref="oc-28"/>
      </symbol>
      <symbol id="sm-ead">
         <name>PVECTORS_58</name>
         <value>0x866a</value>
         <object_component_ref idref="oc-28"/>
      </symbol>
      <symbol id="sm-eae">
         <name>PVECTORS_51</name>
         <value>0x8664</value>
         <object_component_ref idref="oc-28"/>
      </symbol>
      <symbol id="sm-eaf">
         <name>PVECTORS_50</name>
         <value>0x8663</value>
         <object_component_ref idref="oc-28"/>
      </symbol>
      <symbol id="sm-eb0">
         <name>PVECTORS_52</name>
         <value>0x8665</value>
         <object_component_ref idref="oc-28"/>
      </symbol>
      <symbol id="sm-eb1">
         <name>PVECTORS_55</name>
         <value>0x8667</value>
         <object_component_ref idref="oc-28"/>
      </symbol>
      <symbol id="sm-eb2">
         <name>PVECTORS_54</name>
         <value>0x8666</value>
         <object_component_ref idref="oc-28"/>
      </symbol>
      <symbol id="sm-eb3">
         <name>PVECTORS_57</name>
         <value>0x8669</value>
         <object_component_ref idref="oc-28"/>
      </symbol>
      <symbol id="sm-eb4">
         <name>PVECTORS_56</name>
         <value>0x8668</value>
         <object_component_ref idref="oc-28"/>
      </symbol>
      <symbol id="sm-eb5">
         <name>PVECTORS_48</name>
         <value>0x8662</value>
         <object_component_ref idref="oc-28"/>
      </symbol>
      <symbol id="sm-eb6">
         <name>PVECTORS_41</name>
         <value>0x865b</value>
         <object_component_ref idref="oc-28"/>
      </symbol>
      <symbol id="sm-eb7">
         <name>PVECTORS_40</name>
         <value>0x865a</value>
         <object_component_ref idref="oc-28"/>
      </symbol>
      <symbol id="sm-eb8">
         <name>PVECTORS_43</name>
         <value>0x865d</value>
         <object_component_ref idref="oc-28"/>
      </symbol>
      <symbol id="sm-eb9">
         <name>PVECTORS_42</name>
         <value>0x865c</value>
         <object_component_ref idref="oc-28"/>
      </symbol>
      <symbol id="sm-eba">
         <name>PVECTORS_45</name>
         <value>0x865f</value>
         <object_component_ref idref="oc-28"/>
      </symbol>
      <symbol id="sm-ebb">
         <name>PVECTORS_44</name>
         <value>0x865e</value>
         <object_component_ref idref="oc-28"/>
      </symbol>
      <symbol id="sm-ebc">
         <name>PVECTORS_47</name>
         <value>0x8661</value>
         <object_component_ref idref="oc-28"/>
      </symbol>
      <symbol id="sm-ebd">
         <name>PVECTORS_46</name>
         <value>0x8660</value>
         <object_component_ref idref="oc-28"/>
      </symbol>
      <symbol id="sm-ebe">
         <name>PVECTORS_118</name>
         <value>0x86a6</value>
         <object_component_ref idref="oc-28"/>
      </symbol>
      <symbol id="sm-ebf">
         <name>PVECTORS_119</name>
         <value>0x86a7</value>
         <object_component_ref idref="oc-28"/>
      </symbol>
      <symbol id="sm-ec0">
         <name>PVECTORS_110</name>
         <value>0x869e</value>
         <object_component_ref idref="oc-28"/>
      </symbol>
      <symbol id="sm-ec1">
         <name>PVECTORS_111</name>
         <value>0x869f</value>
         <object_component_ref idref="oc-28"/>
      </symbol>
      <symbol id="sm-ec2">
         <name>PVECTORS_112</name>
         <value>0x86a0</value>
         <object_component_ref idref="oc-28"/>
      </symbol>
      <symbol id="sm-ec3">
         <name>PVECTORS_113</name>
         <value>0x86a1</value>
         <object_component_ref idref="oc-28"/>
      </symbol>
      <symbol id="sm-ec4">
         <name>PVECTORS_114</name>
         <value>0x86a2</value>
         <object_component_ref idref="oc-28"/>
      </symbol>
      <symbol id="sm-ec5">
         <name>PVECTORS_115</name>
         <value>0x86a3</value>
         <object_component_ref idref="oc-28"/>
      </symbol>
      <symbol id="sm-ec6">
         <name>PVECTORS_116</name>
         <value>0x86a4</value>
         <object_component_ref idref="oc-28"/>
      </symbol>
      <symbol id="sm-ec7">
         <name>PVECTORS_117</name>
         <value>0x86a5</value>
         <object_component_ref idref="oc-28"/>
      </symbol>
      <symbol id="sm-ec8">
         <name>PVECTORS_108</name>
         <value>0x869c</value>
         <object_component_ref idref="oc-28"/>
      </symbol>
      <symbol id="sm-ec9">
         <name>PVECTORS_109</name>
         <value>0x869d</value>
         <object_component_ref idref="oc-28"/>
      </symbol>
      <symbol id="sm-eca">
         <name>PVECTORS_100</name>
         <value>0x8694</value>
         <object_component_ref idref="oc-28"/>
      </symbol>
      <symbol id="sm-ecb">
         <name>PVECTORS_101</name>
         <value>0x8695</value>
         <object_component_ref idref="oc-28"/>
      </symbol>
      <symbol id="sm-ecc">
         <name>PVECTORS_102</name>
         <value>0x8696</value>
         <object_component_ref idref="oc-28"/>
      </symbol>
      <symbol id="sm-ecd">
         <name>PVECTORS_103</name>
         <value>0x8697</value>
         <object_component_ref idref="oc-28"/>
      </symbol>
      <symbol id="sm-ece">
         <name>PVECTORS_104</name>
         <value>0x8698</value>
         <object_component_ref idref="oc-28"/>
      </symbol>
      <symbol id="sm-ecf">
         <name>PVECTORS_105</name>
         <value>0x8699</value>
         <object_component_ref idref="oc-28"/>
      </symbol>
      <symbol id="sm-ed0">
         <name>PVECTORS_106</name>
         <value>0x869a</value>
         <object_component_ref idref="oc-28"/>
      </symbol>
      <symbol id="sm-ed1">
         <name>PVECTORS_107</name>
         <value>0x869b</value>
         <object_component_ref idref="oc-28"/>
      </symbol>
      <symbol id="sm-ed2">
         <name>PVECTORS_99</name>
         <value>0x8693</value>
         <object_component_ref idref="oc-28"/>
      </symbol>
      <symbol id="sm-ed3">
         <name>PVECTORS_98</name>
         <value>0x8692</value>
         <object_component_ref idref="oc-28"/>
      </symbol>
      <symbol id="sm-ed4">
         <name>PVECTORS_91</name>
         <value>0x868b</value>
         <object_component_ref idref="oc-28"/>
      </symbol>
      <symbol id="sm-ed5">
         <name>PVECTORS_90</name>
         <value>0x868a</value>
         <object_component_ref idref="oc-28"/>
      </symbol>
      <symbol id="sm-ed6">
         <name>PVECTORS_93</name>
         <value>0x868d</value>
         <object_component_ref idref="oc-28"/>
      </symbol>
      <symbol id="sm-ed7">
         <name>PVECTORS_92</name>
         <value>0x868c</value>
         <object_component_ref idref="oc-28"/>
      </symbol>
      <symbol id="sm-ed8">
         <name>PVECTORS_95</name>
         <value>0x868f</value>
         <object_component_ref idref="oc-28"/>
      </symbol>
      <symbol id="sm-ed9">
         <name>PVECTORS_94</name>
         <value>0x868e</value>
         <object_component_ref idref="oc-28"/>
      </symbol>
      <symbol id="sm-eda">
         <name>PVECTORS_97</name>
         <value>0x8691</value>
         <object_component_ref idref="oc-28"/>
      </symbol>
      <symbol id="sm-edb">
         <name>PVECTORS_96</name>
         <value>0x8690</value>
         <object_component_ref idref="oc-28"/>
      </symbol>
      <symbol id="sm-edc">
         <name>PVECTORS_120</name>
         <value>0x86a8</value>
         <object_component_ref idref="oc-28"/>
      </symbol>
      <symbol id="sm-edd">
         <name>PVECTORS_121</name>
         <value>0x86a9</value>
         <object_component_ref idref="oc-28"/>
      </symbol>
      <symbol id="sm-ede">
         <name>PVECTORS_122</name>
         <value>0x86aa</value>
         <object_component_ref idref="oc-28"/>
      </symbol>
      <symbol id="sm-edf">
         <name>PVECTORS_123</name>
         <value>0x86ab</value>
         <object_component_ref idref="oc-28"/>
      </symbol>
      <symbol id="sm-ee0">
         <name>PVECTORS_124</name>
         <value>0x86ac</value>
         <object_component_ref idref="oc-28"/>
      </symbol>
      <symbol id="sm-ee1">
         <name>PVECTORS_125</name>
         <value>0x86ad</value>
         <object_component_ref idref="oc-28"/>
      </symbol>
      <symbol id="sm-ee2">
         <name>PVECTORS_126</name>
         <value>0x86ae</value>
         <object_component_ref idref="oc-28"/>
      </symbol>
      <symbol id="sm-ee3">
         <name>PVECTORS_127</name>
         <value>0x86af</value>
         <object_component_ref idref="oc-28"/>
      </symbol>
      <symbol id="sm-ee4">
         <name>PVECTORS_89</name>
         <value>0x8689</value>
         <object_component_ref idref="oc-28"/>
      </symbol>
      <symbol id="sm-ee5">
         <name>PVECTORS_88</name>
         <value>0x8688</value>
         <object_component_ref idref="oc-28"/>
      </symbol>
      <symbol id="sm-ee6">
         <name>PVECTORS_81</name>
         <value>0x8681</value>
         <object_component_ref idref="oc-28"/>
      </symbol>
      <symbol id="sm-ee7">
         <name>PVECTORS_80</name>
         <value>0x8680</value>
         <object_component_ref idref="oc-28"/>
      </symbol>
      <symbol id="sm-ee8">
         <name>PVECTORS_83</name>
         <value>0x8683</value>
         <object_component_ref idref="oc-28"/>
      </symbol>
      <symbol id="sm-ee9">
         <name>PVECTORS_82</name>
         <value>0x8682</value>
         <object_component_ref idref="oc-28"/>
      </symbol>
      <symbol id="sm-eea">
         <name>PVECTORS_85</name>
         <value>0x8685</value>
         <object_component_ref idref="oc-28"/>
      </symbol>
      <symbol id="sm-eeb">
         <name>PVECTORS_84</name>
         <value>0x8684</value>
         <object_component_ref idref="oc-28"/>
      </symbol>
      <symbol id="sm-eec">
         <name>PVECTORS_87</name>
         <value>0x8687</value>
         <object_component_ref idref="oc-28"/>
      </symbol>
      <symbol id="sm-eed">
         <name>PVECTORS_86</name>
         <value>0x8686</value>
         <object_component_ref idref="oc-28"/>
      </symbol>
   </symbol_table>
   <title>Link successful</title>
</link_info>
