******************************************************************************
             TMS320C2000 Linker PC v22.6.0                     
******************************************************************************
>> Linked Tue Dec 12 16:38:49 2023

OUTPUT FILE NAME:   <Six_Step_dq_step_highspeed_speedstep.out>
ENTRY POINT SYMBOL: "_c_int00"  address: 00008745


MEMORY CONFIGURATION

         name            origin    length      used     unused   attr    fill
----------------------  --------  ---------  --------  --------  ----  --------
PAGE 0:
  RAML012               00008000   00001000  000007ee  00000812  RWIX
  OTP                   003d7800   00000400  00000000  00000400  RWIX
  FLASHH                003e8000   00002000  00000000  00002000  RWIX
  FLASHG                003ea000   00002000  00000000  00002000  RWIX
  FLASHF                003ec000   00002000  00000000  00002000  RWIX
  FLASHE                003ee000   00002000  00000000  00002000  RWIX
  FLASHD                003f0000   00002000  00000000  00002000  RWIX
  FLASHB                003f4000   00002000  00000000  00002000  RWIX
  FLASHA                003f6000   00001f80  00000805  0000177b  RWIX
  CSM_RSVD              003f7f80   00000076  00000000  00000076  RWIX
  BEGIN_FLASH           003f7ff6   00000002  00000002  00000000  RWIX
  CSM_PWL_P0            003f7ff8   00000008  00000000  00000008  RWIX
  ROM                   003ff27c   00000d44  00000000  00000d44  RWIX
  RESET                 003fffc0   00000002  00000000  00000002  RWIX
  VECTORS               003fffc2   0000003e  00000000  0000003e  RWIX

PAGE 1:
  BOOT_RSVD             00000000   00000040  00000000  00000040  RWIX
  RAMM0                 00000040   000003c0  00000000  000003c0  RWIX
  RAML3                 00009000   000007ff  00000000  000007ff  RWIX
  RAMM1                 0000a000   00000001  00000000  00000001  RWIX
  FLASHC_1              003f2000   000007ff  000000fe  00000701  RWIX
  FLASHC_2              003f3000   00001000  00001000  00000000  RWIX


SECTION ALLOCATION MAP

 output                                  attributes/
section   page    origin      length       input sections
--------  ----  ----------  ----------   ----------------
copysections 
*          0    003f67ee    0000000f     
                  003f67ee    0000000f     SectionCopy_nonBIOS.obj (copysections)

wddisable 
*          0    003f67fd    00000008     
                  003f67fd    00000008     CodeStartBranch.obj (wddisable)

codestart 
*          0    003f7ff6    00000002     
                  003f7ff6    00000002     CodeStartBranch.obj (codestart)

PieVectTable 
*          1    003f2000    000000fe     
                  003f2000    000000fe     source_vectors.obj (PieVectTable)

Sintable   1    003f3000    00001000     
                  003f3000    00001000     source_main.obj (Sintable)

.reset     0    003fffc0    00000000     DSECT

vectors    0    003fffc2    00000000     DSECT

.text      0    003f6000    000007ee     RUN ADDR = 00008000
                  003f6000    0000052b     isr_current.obj (.text)
                  003f652b    0000016f     source_initial.obj (.text)
                  003f669a    000000ab     speed.obj (.text)
                  003f6745    000000a9     source_main.obj (.text)

MODULE SUMMARY

       Module                    code   initialized data   uninitialized data
       ------                    ----   ----------------   ------------------
    .\
       source_main.obj           338    4096               0                 
       isr_current.obj           2646   0                  0                 
       source_initial.obj        734    0                  0                 
       speed.obj                 342    0                  0                 
       source_vectors.obj        0      254                0                 
       SectionCopy_nonBIOS.obj   15     0                  0                 
       CodeStartBranch.obj       10     0                  0                 
    +--+-------------------------+------+------------------+--------------------+
       Total:                    4085   4350               0                 
                                                                             
    +--+-------------------------+------+------------------+--------------------+
       Grand Total:              4085   4350               0                 


GLOBAL DATA SYMBOLS: SORTED BY DATA PAGE


[0 symbols]


GLOBAL SYMBOLS: SORTED ALPHABETICALLY BY Name 

page  address   name                 
----  -------   ----                 
0     00008000  .text                
0     0000852b  INITIAL_ALL          
0     00008771  PVECTORS_01          
0     00008772  PVECTORS_02          
0     00008773  PVECTORS_03          
0     00008774  PVECTORS_04          
0     00008775  PVECTORS_05          
0     00008776  PVECTORS_06          
0     00008777  PVECTORS_07          
0     00008778  PVECTORS_08          
0     00008779  PVECTORS_09          
0     0000877a  PVECTORS_10          
0     000087d2  PVECTORS_100         
0     000087d3  PVECTORS_101         
0     000087d4  PVECTORS_102         
0     000087d5  PVECTORS_103         
0     000087d6  PVECTORS_104         
0     000087d7  PVECTORS_105         
0     000087d8  PVECTORS_106         
0     000087d9  PVECTORS_107         
0     000087da  PVECTORS_108         
0     000087db  PVECTORS_109         
0     0000877b  PVECTORS_11          
0     000087dc  PVECTORS_110         
0     000087dd  PVECTORS_111         
0     000087de  PVECTORS_112         
0     000087df  PVECTORS_113         
0     000087e0  PVECTORS_114         
0     000087e1  PVECTORS_115         
0     000087e2  PVECTORS_116         
0     000087e3  PVECTORS_117         
0     000087e4  PVECTORS_118         
0     000087e5  PVECTORS_119         
0     0000877c  PVECTORS_12          
0     000087e6  PVECTORS_120         
0     000087e7  PVECTORS_121         
0     000087e8  PVECTORS_122         
0     000087e9  PVECTORS_123         
0     000087ea  PVECTORS_124         
0     000087eb  PVECTORS_125         
0     000087ec  PVECTORS_126         
0     000087ed  PVECTORS_127         
0     0000877d  PVECTORS_13          
0     0000877e  PVECTORS_14          
0     0000877f  PVECTORS_15          
0     00008780  PVECTORS_16          
0     00008781  PVECTORS_17          
0     00008782  PVECTORS_18          
0     00008783  PVECTORS_19          
0     00008784  PVECTORS_20          
0     00008785  PVECTORS_21          
0     00008786  PVECTORS_22          
0     00008787  PVECTORS_23          
0     00008788  PVECTORS_24          
0     00008789  PVECTORS_25          
0     0000878a  PVECTORS_26          
0     0000878b  PVECTORS_27          
0     0000878c  PVECTORS_28          
0     0000878d  PVECTORS_29          
0     0000878e  PVECTORS_30          
0     0000878f  PVECTORS_31          
0     00008790  PVECTORS_32          
0     00008791  PVECTORS_33          
0     00008792  PVECTORS_34          
0     00008793  PVECTORS_35          
0     00008794  PVECTORS_36          
0     00008795  PVECTORS_37          
0     00008796  PVECTORS_38          
0     00008797  PVECTORS_39          
0     00008798  PVECTORS_40          
0     00008799  PVECTORS_41          
0     0000879a  PVECTORS_42          
0     0000879b  PVECTORS_43          
0     0000879c  PVECTORS_44          
0     0000879d  PVECTORS_45          
0     0000879e  PVECTORS_46          
0     0000879f  PVECTORS_47          
0     000087a0  PVECTORS_48          
0     00008000  PVECTORS_49          
0     000087a1  PVECTORS_50          
0     000087a2  PVECTORS_51          
0     000087a3  PVECTORS_52          
0     0000869a  PVECTORS_53          
0     000087a4  PVECTORS_54          
0     000087a5  PVECTORS_55          
0     000087a6  PVECTORS_56          
0     000087a7  PVECTORS_57          
0     000087a8  PVECTORS_58          
0     000087a9  PVECTORS_59          
0     000087aa  PVECTORS_60          
0     000087ab  PVECTORS_61          
0     000087ac  PVECTORS_62          
0     000087ad  PVECTORS_63          
0     000087ae  PVECTORS_64          
0     000087af  PVECTORS_65          
0     000087b0  PVECTORS_66          
0     000087b1  PVECTORS_67          
0     000087b2  PVECTORS_68          
0     000087b3  PVECTORS_69          
0     000087b4  PVECTORS_70          
0     000087b5  PVECTORS_71          
0     000087b6  PVECTORS_72          
0     000087b7  PVECTORS_73          
0     000087b8  PVECTORS_74          
0     000087b9  PVECTORS_75          
0     000087ba  PVECTORS_76          
0     000087bb  PVECTORS_77          
0     000087bc  PVECTORS_78          
0     000087bd  PVECTORS_79          
0     000087be  PVECTORS_80          
0     000087bf  PVECTORS_81          
0     000087c0  PVECTORS_82          
0     000087c1  PVECTORS_83          
0     000087c2  PVECTORS_84          
0     000087c3  PVECTORS_85          
0     000087c4  PVECTORS_86          
0     000087c5  PVECTORS_87          
0     000087c6  PVECTORS_88          
0     000087c7  PVECTORS_89          
0     000087c8  PVECTORS_90          
0     000087c9  PVECTORS_91          
0     000087ca  PVECTORS_92          
0     000087cb  PVECTORS_93          
0     000087cc  PVECTORS_94          
0     000087cd  PVECTORS_95          
0     000087ce  PVECTORS_96          
0     000087cf  PVECTORS_97          
0     000087d0  PVECTORS_98          
0     000087d1  PVECTORS_99          
abs   ffffffff  ___TI_pprof_out_hndl 
abs   ffffffff  ___TI_prof_data_size 
abs   ffffffff  ___TI_prof_data_start
abs   ffffffff  ___binit__           
abs   ffffffff  ___c_args__          
abs   ffffffff  ___cinit__           
0     000087ee  ___etext__           
abs   ffffffff  ___pinit__           
0     00008000  ___text__            
0     00008745  _c_int00             
0     00008745  _main                
0     003f6000  _text_loadstart      
0     00008000  _text_runstart       
abs   000007ee  _text_size           
abs   ffffffff  binit                
abs   ffffffff  cinit                
0     003f7ff6  code_start           
0     003f67ee  copy_sections        
0     000087ee  etext                
abs   ffffffff  pinit                


GLOBAL SYMBOLS: SORTED BY Symbol Address 

page  address   name                 
----  -------   ----                 
0     00008000  .text                
0     00008000  PVECTORS_49          
0     00008000  ___text__            
0     00008000  _text_runstart       
0     0000852b  INITIAL_ALL          
0     0000869a  PVECTORS_53          
0     00008745  _c_int00             
0     00008745  _main                
0     00008771  PVECTORS_01          
0     00008772  PVECTORS_02          
0     00008773  PVECTORS_03          
0     00008774  PVECTORS_04          
0     00008775  PVECTORS_05          
0     00008776  PVECTORS_06          
0     00008777  PVECTORS_07          
0     00008778  PVECTORS_08          
0     00008779  PVECTORS_09          
0     0000877a  PVECTORS_10          
0     0000877b  PVECTORS_11          
0     0000877c  PVECTORS_12          
0     0000877d  PVECTORS_13          
0     0000877e  PVECTORS_14          
0     0000877f  PVECTORS_15          
0     00008780  PVECTORS_16          
0     00008781  PVECTORS_17          
0     00008782  PVECTORS_18          
0     00008783  PVECTORS_19          
0     00008784  PVECTORS_20          
0     00008785  PVECTORS_21          
0     00008786  PVECTORS_22          
0     00008787  PVECTORS_23          
0     00008788  PVECTORS_24          
0     00008789  PVECTORS_25          
0     0000878a  PVECTORS_26          
0     0000878b  PVECTORS_27          
0     0000878c  PVECTORS_28          
0     0000878d  PVECTORS_29          
0     0000878e  PVECTORS_30          
0     0000878f  PVECTORS_31          
0     00008790  PVECTORS_32          
0     00008791  PVECTORS_33          
0     00008792  PVECTORS_34          
0     00008793  PVECTORS_35          
0     00008794  PVECTORS_36          
0     00008795  PVECTORS_37          
0     00008796  PVECTORS_38          
0     00008797  PVECTORS_39          
0     00008798  PVECTORS_40          
0     00008799  PVECTORS_41          
0     0000879a  PVECTORS_42          
0     0000879b  PVECTORS_43          
0     0000879c  PVECTORS_44          
0     0000879d  PVECTORS_45          
0     0000879e  PVECTORS_46          
0     0000879f  PVECTORS_47          
0     000087a0  PVECTORS_48          
0     000087a1  PVECTORS_50          
0     000087a2  PVECTORS_51          
0     000087a3  PVECTORS_52          
0     000087a4  PVECTORS_54          
0     000087a5  PVECTORS_55          
0     000087a6  PVECTORS_56          
0     000087a7  PVECTORS_57          
0     000087a8  PVECTORS_58          
0     000087a9  PVECTORS_59          
0     000087aa  PVECTORS_60          
0     000087ab  PVECTORS_61          
0     000087ac  PVECTORS_62          
0     000087ad  PVECTORS_63          
0     000087ae  PVECTORS_64          
0     000087af  PVECTORS_65          
0     000087b0  PVECTORS_66          
0     000087b1  PVECTORS_67          
0     000087b2  PVECTORS_68          
0     000087b3  PVECTORS_69          
0     000087b4  PVECTORS_70          
0     000087b5  PVECTORS_71          
0     000087b6  PVECTORS_72          
0     000087b7  PVECTORS_73          
0     000087b8  PVECTORS_74          
0     000087b9  PVECTORS_75          
0     000087ba  PVECTORS_76          
0     000087bb  PVECTORS_77          
0     000087bc  PVECTORS_78          
0     000087bd  PVECTORS_79          
0     000087be  PVECTORS_80          
0     000087bf  PVECTORS_81          
0     000087c0  PVECTORS_82          
0     000087c1  PVECTORS_83          
0     000087c2  PVECTORS_84          
0     000087c3  PVECTORS_85          
0     000087c4  PVECTORS_86          
0     000087c5  PVECTORS_87          
0     000087c6  PVECTORS_88          
0     000087c7  PVECTORS_89          
0     000087c8  PVECTORS_90          
0     000087c9  PVECTORS_91          
0     000087ca  PVECTORS_92          
0     000087cb  PVECTORS_93          
0     000087cc  PVECTORS_94          
0     000087cd  PVECTORS_95          
0     000087ce  PVECTORS_96          
0     000087cf  PVECTORS_97          
0     000087d0  PVECTORS_98          
0     000087d1  PVECTORS_99          
0     000087d2  PVECTORS_100         
0     000087d3  PVECTORS_101         
0     000087d4  PVECTORS_102         
0     000087d5  PVECTORS_103         
0     000087d6  PVECTORS_104         
0     000087d7  PVECTORS_105         
0     000087d8  PVECTORS_106         
0     000087d9  PVECTORS_107         
0     000087da  PVECTORS_108         
0     000087db  PVECTORS_109         
0     000087dc  PVECTORS_110         
0     000087dd  PVECTORS_111         
0     000087de  PVECTORS_112         
0     000087df  PVECTORS_113         
0     000087e0  PVECTORS_114         
0     000087e1  PVECTORS_115         
0     000087e2  PVECTORS_116         
0     000087e3  PVECTORS_117         
0     000087e4  PVECTORS_118         
0     000087e5  PVECTORS_119         
0     000087e6  PVECTORS_120         
0     000087e7  PVECTORS_121         
0     000087e8  PVECTORS_122         
0     000087e9  PVECTORS_123         
0     000087ea  PVECTORS_124         
0     000087eb  PVECTORS_125         
0     000087ec  PVECTORS_126         
0     000087ed  PVECTORS_127         
0     000087ee  ___etext__           
0     000087ee  etext                
0     003f6000  _text_loadstart      
0     003f67ee  copy_sections        
0     003f7ff6  code_start           
abs   000007ee  _text_size           
abs   ffffffff  ___TI_pprof_out_hndl 
abs   ffffffff  ___TI_prof_data_size 
abs   ffffffff  ___TI_prof_data_start
abs   ffffffff  ___binit__           
abs   ffffffff  ___c_args__          
abs   ffffffff  ___cinit__           
abs   ffffffff  ___pinit__           
abs   ffffffff  binit                
abs   ffffffff  cinit                
abs   ffffffff  pinit                

[149 symbols]
