******************************************************************************
             TMS320C2000 Linker PC v22.6.0                     
******************************************************************************
>> Linked Sat Sep 30 13:58:14 2023

OUTPUT FILE NAME:   <Six_Step_close.out>
ENTRY POINT SYMBOL: "_c_int00"  address: 0000876b


MEMORY CONFIGURATION

         name            origin    length      used     unused   attr    fill
----------------------  --------  ---------  --------  --------  ----  --------
PAGE 0:
  RAML012               00008000   00001000  00000814  000007ec  RWIX
  OTP                   003d7800   00000400  00000000  00000400  RWIX
  FLASHH                003e8000   00002000  00000000  00002000  RWIX
  FLASHG                003ea000   00002000  00000000  00002000  RWIX
  FLASHF                003ec000   00002000  00000000  00002000  RWIX
  FLASHE                003ee000   00002000  00000000  00002000  RWIX
  FLASHD                003f0000   00002000  00000000  00002000  RWIX
  FLASHB                003f4000   00002000  00000000  00002000  RWIX
  FLASHA                003f6000   00001f80  0000082b  00001755  RWIX
  CSM_RSVD              003f7f80   00000076  00000000  00000076  RWIX
  BEGIN_FLASH           003f7ff6   00000002  00000002  00000000  RWIX
  CSM_PWL_P0            003f7ff8   00000008  00000000  00000008  RWIX
  ROM                   003ff27c   00000d44  00000000  00000d44  RWIX
  RESET                 003fffc0   00000002  00000000  00000002  RWIX
  VECTORS               003fffc2   0000003e  00000000  0000003e  RWIX

PAGE 1:
  BOOT_RSVD             00000000   00000040  00000000  00000040  RWIX
  RAMM0                 00000040   000003c0  00000000  000003c0  RWIX
  RAML3                 00009000   000007ff  00000000  000007ff  RWIX
  RAMM1                 0000a000   00000001  00000000  00000001  RWIX
  FLASHC_1              003f2000   000007ff  000000fe  00000701  RWIX
  FLASHC_2              003f3000   00001000  00001000  00000000  RWIX


SECTION ALLOCATION MAP

 output                                  attributes/
section   page    origin      length       input sections
--------  ----  ----------  ----------   ----------------
copysections 
*          0    003f6814    0000000f     
                  003f6814    0000000f     SectionCopy_nonBIOS.obj (copysections)

wddisable 
*          0    003f6823    00000008     
                  003f6823    00000008     CodeStartBranch.obj (wddisable)

codestart 
*          0    003f7ff6    00000002     
                  003f7ff6    00000002     CodeStartBranch.obj (codestart)

PieVectTable 
*          1    003f2000    000000fe     
                  003f2000    000000fe     source_vectors.obj (PieVectTable)

Sintable   1    003f3000    00001000     
                  003f3000    00001000     source_main.obj (Sintable)

.reset     0    003fffc0    00000000     DSECT

vectors    0    003fffc2    00000000     DSECT

.text      0    003f6000    00000814     RUN ADDR = 00008000
                  003f6000    00000549     isr_current.obj (.text)
                  003f6549    0000016f     source_initial.obj (.text)
                  003f66b8    000000b3     speed.obj (.text)
                  003f676b    000000a9     source_main.obj (.text)

MODULE SUMMARY

       Module                    code   initialized data   uninitialized data
       ------                    ----   ----------------   ------------------
    .\
       source_main.obj           338    4096               0                 
       isr_current.obj           2706   0                  0                 
       source_initial.obj        734    0                  0                 
       speed.obj                 358    0                  0                 
       source_vectors.obj        0      254                0                 
       SectionCopy_nonBIOS.obj   15     0                  0                 
       CodeStartBranch.obj       10     0                  0                 
    +--+-------------------------+------+------------------+--------------------+
       Total:                    4161   4350               0                 
                                                                             
    +--+-------------------------+------+------------------+--------------------+
       Grand Total:              4161   4350               0                 


GLOBAL DATA SYMBOLS: SORTED BY DATA PAGE


[0 symbols]


GLOBAL SYMBOLS: SORTED ALPHABETICALLY BY Name 

page  address   name                 
----  -------   ----                 
0     00008000  .text                
0     00008549  INITIAL_ALL          
0     00008797  PVECTORS_01          
0     00008798  PVECTORS_02          
0     00008799  PVECTORS_03          
0     0000879a  PVECTORS_04          
0     0000879b  PVECTORS_05          
0     0000879c  PVECTORS_06          
0     0000879d  PVECTORS_07          
0     0000879e  PVECTORS_08          
0     0000879f  PVECTORS_09          
0     000087a0  PVECTORS_10          
0     000087f8  PVECTORS_100         
0     000087f9  PVECTORS_101         
0     000087fa  PVECTORS_102         
0     000087fb  PVECTORS_103         
0     000087fc  PVECTORS_104         
0     000087fd  PVECTORS_105         
0     000087fe  PVECTORS_106         
0     000087ff  PVECTORS_107         
0     00008800  PVECTORS_108         
0     00008801  PVECTORS_109         
0     000087a1  PVECTORS_11          
0     00008802  PVECTORS_110         
0     00008803  PVECTORS_111         
0     00008804  PVECTORS_112         
0     00008805  PVECTORS_113         
0     00008806  PVECTORS_114         
0     00008807  PVECTORS_115         
0     00008808  PVECTORS_116         
0     00008809  PVECTORS_117         
0     0000880a  PVECTORS_118         
0     0000880b  PVECTORS_119         
0     000087a2  PVECTORS_12          
0     0000880c  PVECTORS_120         
0     0000880d  PVECTORS_121         
0     0000880e  PVECTORS_122         
0     0000880f  PVECTORS_123         
0     00008810  PVECTORS_124         
0     00008811  PVECTORS_125         
0     00008812  PVECTORS_126         
0     00008813  PVECTORS_127         
0     000087a3  PVECTORS_13          
0     000087a4  PVECTORS_14          
0     000087a5  PVECTORS_15          
0     000087a6  PVECTORS_16          
0     000087a7  PVECTORS_17          
0     000087a8  PVECTORS_18          
0     000087a9  PVECTORS_19          
0     000087aa  PVECTORS_20          
0     000087ab  PVECTORS_21          
0     000087ac  PVECTORS_22          
0     000087ad  PVECTORS_23          
0     000087ae  PVECTORS_24          
0     000087af  PVECTORS_25          
0     000087b0  PVECTORS_26          
0     000087b1  PVECTORS_27          
0     000087b2  PVECTORS_28          
0     000087b3  PVECTORS_29          
0     000087b4  PVECTORS_30          
0     000087b5  PVECTORS_31          
0     000087b6  PVECTORS_32          
0     000087b7  PVECTORS_33          
0     000087b8  PVECTORS_34          
0     000087b9  PVECTORS_35          
0     000087ba  PVECTORS_36          
0     000087bb  PVECTORS_37          
0     000087bc  PVECTORS_38          
0     000087bd  PVECTORS_39          
0     000087be  PVECTORS_40          
0     000087bf  PVECTORS_41          
0     000087c0  PVECTORS_42          
0     000087c1  PVECTORS_43          
0     000087c2  PVECTORS_44          
0     000087c3  PVECTORS_45          
0     000087c4  PVECTORS_46          
0     000087c5  PVECTORS_47          
0     000087c6  PVECTORS_48          
0     00008000  PVECTORS_49          
0     000087c7  PVECTORS_50          
0     000087c8  PVECTORS_51          
0     000087c9  PVECTORS_52          
0     000086b8  PVECTORS_53          
0     000087ca  PVECTORS_54          
0     000087cb  PVECTORS_55          
0     000087cc  PVECTORS_56          
0     000087cd  PVECTORS_57          
0     000087ce  PVECTORS_58          
0     000087cf  PVECTORS_59          
0     000087d0  PVECTORS_60          
0     000087d1  PVECTORS_61          
0     000087d2  PVECTORS_62          
0     000087d3  PVECTORS_63          
0     000087d4  PVECTORS_64          
0     000087d5  PVECTORS_65          
0     000087d6  PVECTORS_66          
0     000087d7  PVECTORS_67          
0     000087d8  PVECTORS_68          
0     000087d9  PVECTORS_69          
0     000087da  PVECTORS_70          
0     000087db  PVECTORS_71          
0     000087dc  PVECTORS_72          
0     000087dd  PVECTORS_73          
0     000087de  PVECTORS_74          
0     000087df  PVECTORS_75          
0     000087e0  PVECTORS_76          
0     000087e1  PVECTORS_77          
0     000087e2  PVECTORS_78          
0     000087e3  PVECTORS_79          
0     000087e4  PVECTORS_80          
0     000087e5  PVECTORS_81          
0     000087e6  PVECTORS_82          
0     000087e7  PVECTORS_83          
0     000087e8  PVECTORS_84          
0     000087e9  PVECTORS_85          
0     000087ea  PVECTORS_86          
0     000087eb  PVECTORS_87          
0     000087ec  PVECTORS_88          
0     000087ed  PVECTORS_89          
0     000087ee  PVECTORS_90          
0     000087ef  PVECTORS_91          
0     000087f0  PVECTORS_92          
0     000087f1  PVECTORS_93          
0     000087f2  PVECTORS_94          
0     000087f3  PVECTORS_95          
0     000087f4  PVECTORS_96          
0     000087f5  PVECTORS_97          
0     000087f6  PVECTORS_98          
0     000087f7  PVECTORS_99          
abs   ffffffff  ___TI_pprof_out_hndl 
abs   ffffffff  ___TI_prof_data_size 
abs   ffffffff  ___TI_prof_data_start
abs   ffffffff  ___binit__           
abs   ffffffff  ___c_args__          
abs   ffffffff  ___cinit__           
0     00008814  ___etext__           
abs   ffffffff  ___pinit__           
0     00008000  ___text__            
0     0000876b  _c_int00             
0     0000876b  _main                
0     003f6000  _text_loadstart      
0     00008000  _text_runstart       
abs   00000814  _text_size           
abs   ffffffff  binit                
abs   ffffffff  cinit                
0     003f7ff6  code_start           
0     003f6814  copy_sections        
0     00008814  etext                
abs   ffffffff  pinit                


GLOBAL SYMBOLS: SORTED BY Symbol Address 

page  address   name                 
----  -------   ----                 
0     00008000  .text                
0     00008000  PVECTORS_49          
0     00008000  ___text__            
0     00008000  _text_runstart       
0     00008549  INITIAL_ALL          
0     000086b8  PVECTORS_53          
0     0000876b  _c_int00             
0     0000876b  _main                
0     00008797  PVECTORS_01          
0     00008798  PVECTORS_02          
0     00008799  PVECTORS_03          
0     0000879a  PVECTORS_04          
0     0000879b  PVECTORS_05          
0     0000879c  PVECTORS_06          
0     0000879d  PVECTORS_07          
0     0000879e  PVECTORS_08          
0     0000879f  PVECTORS_09          
0     000087a0  PVECTORS_10          
0     000087a1  PVECTORS_11          
0     000087a2  PVECTORS_12          
0     000087a3  PVECTORS_13          
0     000087a4  PVECTORS_14          
0     000087a5  PVECTORS_15          
0     000087a6  PVECTORS_16          
0     000087a7  PVECTORS_17          
0     000087a8  PVECTORS_18          
0     000087a9  PVECTORS_19          
0     000087aa  PVECTORS_20          
0     000087ab  PVECTORS_21          
0     000087ac  PVECTORS_22          
0     000087ad  PVECTORS_23          
0     000087ae  PVECTORS_24          
0     000087af  PVECTORS_25          
0     000087b0  PVECTORS_26          
0     000087b1  PVECTORS_27          
0     000087b2  PVECTORS_28          
0     000087b3  PVECTORS_29          
0     000087b4  PVECTORS_30          
0     000087b5  PVECTORS_31          
0     000087b6  PVECTORS_32          
0     000087b7  PVECTORS_33          
0     000087b8  PVECTORS_34          
0     000087b9  PVECTORS_35          
0     000087ba  PVECTORS_36          
0     000087bb  PVECTORS_37          
0     000087bc  PVECTORS_38          
0     000087bd  PVECTORS_39          
0     000087be  PVECTORS_40          
0     000087bf  PVECTORS_41          
0     000087c0  PVECTORS_42          
0     000087c1  PVECTORS_43          
0     000087c2  PVECTORS_44          
0     000087c3  PVECTORS_45          
0     000087c4  PVECTORS_46          
0     000087c5  PVECTORS_47          
0     000087c6  PVECTORS_48          
0     000087c7  PVECTORS_50          
0     000087c8  PVECTORS_51          
0     000087c9  PVECTORS_52          
0     000087ca  PVECTORS_54          
0     000087cb  PVECTORS_55          
0     000087cc  PVECTORS_56          
0     000087cd  PVECTORS_57          
0     000087ce  PVECTORS_58          
0     000087cf  PVECTORS_59          
0     000087d0  PVECTORS_60          
0     000087d1  PVECTORS_61          
0     000087d2  PVECTORS_62          
0     000087d3  PVECTORS_63          
0     000087d4  PVECTORS_64          
0     000087d5  PVECTORS_65          
0     000087d6  PVECTORS_66          
0     000087d7  PVECTORS_67          
0     000087d8  PVECTORS_68          
0     000087d9  PVECTORS_69          
0     000087da  PVECTORS_70          
0     000087db  PVECTORS_71          
0     000087dc  PVECTORS_72          
0     000087dd  PVECTORS_73          
0     000087de  PVECTORS_74          
0     000087df  PVECTORS_75          
0     000087e0  PVECTORS_76          
0     000087e1  PVECTORS_77          
0     000087e2  PVECTORS_78          
0     000087e3  PVECTORS_79          
0     000087e4  PVECTORS_80          
0     000087e5  PVECTORS_81          
0     000087e6  PVECTORS_82          
0     000087e7  PVECTORS_83          
0     000087e8  PVECTORS_84          
0     000087e9  PVECTORS_85          
0     000087ea  PVECTORS_86          
0     000087eb  PVECTORS_87          
0     000087ec  PVECTORS_88          
0     000087ed  PVECTORS_89          
0     000087ee  PVECTORS_90          
0     000087ef  PVECTORS_91          
0     000087f0  PVECTORS_92          
0     000087f1  PVECTORS_93          
0     000087f2  PVECTORS_94          
0     000087f3  PVECTORS_95          
0     000087f4  PVECTORS_96          
0     000087f5  PVECTORS_97          
0     000087f6  PVECTORS_98          
0     000087f7  PVECTORS_99          
0     000087f8  PVECTORS_100         
0     000087f9  PVECTORS_101         
0     000087fa  PVECTORS_102         
0     000087fb  PVECTORS_103         
0     000087fc  PVECTORS_104         
0     000087fd  PVECTORS_105         
0     000087fe  PVECTORS_106         
0     000087ff  PVECTORS_107         
0     00008800  PVECTORS_108         
0     00008801  PVECTORS_109         
0     00008802  PVECTORS_110         
0     00008803  PVECTORS_111         
0     00008804  PVECTORS_112         
0     00008805  PVECTORS_113         
0     00008806  PVECTORS_114         
0     00008807  PVECTORS_115         
0     00008808  PVECTORS_116         
0     00008809  PVECTORS_117         
0     0000880a  PVECTORS_118         
0     0000880b  PVECTORS_119         
0     0000880c  PVECTORS_120         
0     0000880d  PVECTORS_121         
0     0000880e  PVECTORS_122         
0     0000880f  PVECTORS_123         
0     00008810  PVECTORS_124         
0     00008811  PVECTORS_125         
0     00008812  PVECTORS_126         
0     00008813  PVECTORS_127         
0     00008814  ___etext__           
0     00008814  etext                
0     003f6000  _text_loadstart      
0     003f6814  copy_sections        
0     003f7ff6  code_start           
abs   00000814  _text_size           
abs   ffffffff  ___TI_pprof_out_hndl 
abs   ffffffff  ___TI_prof_data_size 
abs   ffffffff  ___TI_prof_data_start
abs   ffffffff  ___binit__           
abs   ffffffff  ___c_args__          
abs   ffffffff  ___cinit__           
abs   ffffffff  ___pinit__           
abs   ffffffff  binit                
abs   ffffffff  cinit                
abs   ffffffff  pinit                

[149 symbols]
