******************************************************************************
             TMS320C2000 Linker PC v22.6.0                     
******************************************************************************
>> Linked Tue Jan 30 13:52:12 2024

OUTPUT FILE NAME:   <Six_Step_highspeed_3.0.out>
ENTRY POINT SYMBOL: "_c_int00"  address: 0000866d


MEMORY CONFIGURATION

         name            origin    length      used     unused   attr    fill
----------------------  --------  ---------  --------  --------  ----  --------
PAGE 0:
  RAML012               00008000   00001000  000007bb  00000845  RWIX
  OTP                   003d7800   00000400  00000000  00000400  RWIX
  FLASHH                003e8000   00002000  00000000  00002000  RWIX
  FLASHG                003ea000   00002000  00000000  00002000  RWIX
  FLASHF                003ec000   00002000  00000000  00002000  RWIX
  FLASHE                003ee000   00002000  00000000  00002000  RWIX
  FLASHD                003f0000   00002000  00000000  00002000  RWIX
  FLASHB                003f4000   00002000  00000000  00002000  RWIX
  FLASHA                003f6000   00001f80  000007d2  000017ae  RWIX
  CSM_RSVD              003f7f80   00000076  00000000  00000076  RWIX
  BEGIN_FLASH           003f7ff6   00000002  00000002  00000000  RWIX
  CSM_PWL_P0            003f7ff8   00000008  00000000  00000008  RWIX
  ROM                   003ff27c   00000d44  00000000  00000d44  RWIX
  RESET                 003fffc0   00000002  00000000  00000002  RWIX
  VECTORS               003fffc2   0000003e  00000000  0000003e  RWIX

PAGE 1:
  BOOT_RSVD             00000000   00000040  00000000  00000040  RWIX
  RAMM0                 00000040   000003c0  00000000  000003c0  RWIX
  RAML3                 00009000   000007ff  00000000  000007ff  RWIX
  RAMM1                 0000a000   00000001  00000000  00000001  RWIX
  FLASHC_1              003f2000   000007ff  000000fe  00000701  RWIX
  FLASHC_2              003f3000   00001000  00001000  00000000  RWIX


SECTION ALLOCATION MAP

 output                                  attributes/
section   page    origin      length       input sections
--------  ----  ----------  ----------   ----------------
copysections 
*          0    003f67bb    0000000f     
                  003f67bb    0000000f     SectionCopy_nonBIOS.obj (copysections)

wddisable 
*          0    003f67ca    00000008     
                  003f67ca    00000008     CodeStartBranch.obj (wddisable)

codestart 
*          0    003f7ff6    00000002     
                  003f7ff6    00000002     CodeStartBranch.obj (codestart)

PieVectTable 
*          1    003f2000    000000fe     
                  003f2000    000000fe     source_vectors.obj (PieVectTable)

Sintable   1    003f3000    00001000     
                  003f3000    00001000     source_main.obj (Sintable)

.reset     0    003fffc0    00000000     DSECT

vectors    0    003fffc2    00000000     DSECT

.text      0    003f6000    000007bb     RUN ADDR = 00008000
                  003f6000    000004fe     isr_current.obj (.text)
                  003f64fe    0000016f     source_initial.obj (.text)
                  003f666d    000000a9     source_main.obj (.text)
                  003f6716    000000a5     speed.obj (.text)

MODULE SUMMARY

       Module                    code   initialized data   uninitialized data
       ------                    ----   ----------------   ------------------
    .\
       source_main.obj           338    4096               0                 
       isr_current.obj           2556   0                  0                 
       source_initial.obj        734    0                  0                 
       speed.obj                 330    0                  0                 
       source_vectors.obj        0      254                0                 
       SectionCopy_nonBIOS.obj   15     0                  0                 
       CodeStartBranch.obj       10     0                  0                 
    +--+-------------------------+------+------------------+--------------------+
       Total:                    3983   4350               0                 
                                                                             
    +--+-------------------------+------+------------------+--------------------+
       Grand Total:              3983   4350               0                 


GLOBAL DATA SYMBOLS: SORTED BY DATA PAGE


[0 symbols]


GLOBAL SYMBOLS: SORTED ALPHABETICALLY BY Name 

page  address   name                 
----  -------   ----                 
0     00008000  .text                
0     000084fe  INITIAL_ALL          
0     00008699  PVECTORS_01          
0     0000869a  PVECTORS_02          
0     0000869b  PVECTORS_03          
0     0000869c  PVECTORS_04          
0     0000869d  PVECTORS_05          
0     0000869e  PVECTORS_06          
0     0000869f  PVECTORS_07          
0     000086a0  PVECTORS_08          
0     000086a1  PVECTORS_09          
0     000086a2  PVECTORS_10          
0     000086fa  PVECTORS_100         
0     000086fb  PVECTORS_101         
0     000086fc  PVECTORS_102         
0     000086fd  PVECTORS_103         
0     000086fe  PVECTORS_104         
0     000086ff  PVECTORS_105         
0     00008700  PVECTORS_106         
0     00008701  PVECTORS_107         
0     00008702  PVECTORS_108         
0     00008703  PVECTORS_109         
0     000086a3  PVECTORS_11          
0     00008704  PVECTORS_110         
0     00008705  PVECTORS_111         
0     00008706  PVECTORS_112         
0     00008707  PVECTORS_113         
0     00008708  PVECTORS_114         
0     00008709  PVECTORS_115         
0     0000870a  PVECTORS_116         
0     0000870b  PVECTORS_117         
0     0000870c  PVECTORS_118         
0     0000870d  PVECTORS_119         
0     000086a4  PVECTORS_12          
0     0000870e  PVECTORS_120         
0     0000870f  PVECTORS_121         
0     00008710  PVECTORS_122         
0     00008711  PVECTORS_123         
0     00008712  PVECTORS_124         
0     00008713  PVECTORS_125         
0     00008714  PVECTORS_126         
0     00008715  PVECTORS_127         
0     000086a5  PVECTORS_13          
0     000086a6  PVECTORS_14          
0     000086a7  PVECTORS_15          
0     000086a8  PVECTORS_16          
0     000086a9  PVECTORS_17          
0     000086aa  PVECTORS_18          
0     000086ab  PVECTORS_19          
0     000086ac  PVECTORS_20          
0     000086ad  PVECTORS_21          
0     000086ae  PVECTORS_22          
0     000086af  PVECTORS_23          
0     000086b0  PVECTORS_24          
0     000086b1  PVECTORS_25          
0     000086b2  PVECTORS_26          
0     000086b3  PVECTORS_27          
0     000086b4  PVECTORS_28          
0     000086b5  PVECTORS_29          
0     000086b6  PVECTORS_30          
0     000086b7  PVECTORS_31          
0     000086b8  PVECTORS_32          
0     000086b9  PVECTORS_33          
0     000086ba  PVECTORS_34          
0     000086bb  PVECTORS_35          
0     000086bc  PVECTORS_36          
0     000086bd  PVECTORS_37          
0     000086be  PVECTORS_38          
0     000086bf  PVECTORS_39          
0     000086c0  PVECTORS_40          
0     000086c1  PVECTORS_41          
0     000086c2  PVECTORS_42          
0     000086c3  PVECTORS_43          
0     000086c4  PVECTORS_44          
0     000086c5  PVECTORS_45          
0     000086c6  PVECTORS_46          
0     000086c7  PVECTORS_47          
0     000086c8  PVECTORS_48          
0     00008000  PVECTORS_49          
0     000086c9  PVECTORS_50          
0     000086ca  PVECTORS_51          
0     000086cb  PVECTORS_52          
0     00008716  PVECTORS_53          
0     000086cc  PVECTORS_54          
0     000086cd  PVECTORS_55          
0     000086ce  PVECTORS_56          
0     000086cf  PVECTORS_57          
0     000086d0  PVECTORS_58          
0     000086d1  PVECTORS_59          
0     000086d2  PVECTORS_60          
0     000086d3  PVECTORS_61          
0     000086d4  PVECTORS_62          
0     000086d5  PVECTORS_63          
0     000086d6  PVECTORS_64          
0     000086d7  PVECTORS_65          
0     000086d8  PVECTORS_66          
0     000086d9  PVECTORS_67          
0     000086da  PVECTORS_68          
0     000086db  PVECTORS_69          
0     000086dc  PVECTORS_70          
0     000086dd  PVECTORS_71          
0     000086de  PVECTORS_72          
0     000086df  PVECTORS_73          
0     000086e0  PVECTORS_74          
0     000086e1  PVECTORS_75          
0     000086e2  PVECTORS_76          
0     000086e3  PVECTORS_77          
0     000086e4  PVECTORS_78          
0     000086e5  PVECTORS_79          
0     000086e6  PVECTORS_80          
0     000086e7  PVECTORS_81          
0     000086e8  PVECTORS_82          
0     000086e9  PVECTORS_83          
0     000086ea  PVECTORS_84          
0     000086eb  PVECTORS_85          
0     000086ec  PVECTORS_86          
0     000086ed  PVECTORS_87          
0     000086ee  PVECTORS_88          
0     000086ef  PVECTORS_89          
0     000086f0  PVECTORS_90          
0     000086f1  PVECTORS_91          
0     000086f2  PVECTORS_92          
0     000086f3  PVECTORS_93          
0     000086f4  PVECTORS_94          
0     000086f5  PVECTORS_95          
0     000086f6  PVECTORS_96          
0     000086f7  PVECTORS_97          
0     000086f8  PVECTORS_98          
0     000086f9  PVECTORS_99          
abs   ffffffff  ___TI_pprof_out_hndl 
abs   ffffffff  ___TI_prof_data_size 
abs   ffffffff  ___TI_prof_data_start
abs   ffffffff  ___binit__           
abs   ffffffff  ___c_args__          
abs   ffffffff  ___cinit__           
0     000087bb  ___etext__           
abs   ffffffff  ___pinit__           
0     00008000  ___text__            
0     0000866d  _c_int00             
0     0000866d  _main                
0     003f6000  _text_loadstart      
0     00008000  _text_runstart       
abs   000007bb  _text_size           
abs   ffffffff  binit                
abs   ffffffff  cinit                
0     003f7ff6  code_start           
0     003f67bb  copy_sections        
0     000087bb  etext                
abs   ffffffff  pinit                


GLOBAL SYMBOLS: SORTED BY Symbol Address 

page  address   name                 
----  -------   ----                 
0     00008000  .text                
0     00008000  PVECTORS_49          
0     00008000  ___text__            
0     00008000  _text_runstart       
0     000084fe  INITIAL_ALL          
0     0000866d  _c_int00             
0     0000866d  _main                
0     00008699  PVECTORS_01          
0     0000869a  PVECTORS_02          
0     0000869b  PVECTORS_03          
0     0000869c  PVECTORS_04          
0     0000869d  PVECTORS_05          
0     0000869e  PVECTORS_06          
0     0000869f  PVECTORS_07          
0     000086a0  PVECTORS_08          
0     000086a1  PVECTORS_09          
0     000086a2  PVECTORS_10          
0     000086a3  PVECTORS_11          
0     000086a4  PVECTORS_12          
0     000086a5  PVECTORS_13          
0     000086a6  PVECTORS_14          
0     000086a7  PVECTORS_15          
0     000086a8  PVECTORS_16          
0     000086a9  PVECTORS_17          
0     000086aa  PVECTORS_18          
0     000086ab  PVECTORS_19          
0     000086ac  PVECTORS_20          
0     000086ad  PVECTORS_21          
0     000086ae  PVECTORS_22          
0     000086af  PVECTORS_23          
0     000086b0  PVECTORS_24          
0     000086b1  PVECTORS_25          
0     000086b2  PVECTORS_26          
0     000086b3  PVECTORS_27          
0     000086b4  PVECTORS_28          
0     000086b5  PVECTORS_29          
0     000086b6  PVECTORS_30          
0     000086b7  PVECTORS_31          
0     000086b8  PVECTORS_32          
0     000086b9  PVECTORS_33          
0     000086ba  PVECTORS_34          
0     000086bb  PVECTORS_35          
0     000086bc  PVECTORS_36          
0     000086bd  PVECTORS_37          
0     000086be  PVECTORS_38          
0     000086bf  PVECTORS_39          
0     000086c0  PVECTORS_40          
0     000086c1  PVECTORS_41          
0     000086c2  PVECTORS_42          
0     000086c3  PVECTORS_43          
0     000086c4  PVECTORS_44          
0     000086c5  PVECTORS_45          
0     000086c6  PVECTORS_46          
0     000086c7  PVECTORS_47          
0     000086c8  PVECTORS_48          
0     000086c9  PVECTORS_50          
0     000086ca  PVECTORS_51          
0     000086cb  PVECTORS_52          
0     000086cc  PVECTORS_54          
0     000086cd  PVECTORS_55          
0     000086ce  PVECTORS_56          
0     000086cf  PVECTORS_57          
0     000086d0  PVECTORS_58          
0     000086d1  PVECTORS_59          
0     000086d2  PVECTORS_60          
0     000086d3  PVECTORS_61          
0     000086d4  PVECTORS_62          
0     000086d5  PVECTORS_63          
0     000086d6  PVECTORS_64          
0     000086d7  PVECTORS_65          
0     000086d8  PVECTORS_66          
0     000086d9  PVECTORS_67          
0     000086da  PVECTORS_68          
0     000086db  PVECTORS_69          
0     000086dc  PVECTORS_70          
0     000086dd  PVECTORS_71          
0     000086de  PVECTORS_72          
0     000086df  PVECTORS_73          
0     000086e0  PVECTORS_74          
0     000086e1  PVECTORS_75          
0     000086e2  PVECTORS_76          
0     000086e3  PVECTORS_77          
0     000086e4  PVECTORS_78          
0     000086e5  PVECTORS_79          
0     000086e6  PVECTORS_80          
0     000086e7  PVECTORS_81          
0     000086e8  PVECTORS_82          
0     000086e9  PVECTORS_83          
0     000086ea  PVECTORS_84          
0     000086eb  PVECTORS_85          
0     000086ec  PVECTORS_86          
0     000086ed  PVECTORS_87          
0     000086ee  PVECTORS_88          
0     000086ef  PVECTORS_89          
0     000086f0  PVECTORS_90          
0     000086f1  PVECTORS_91          
0     000086f2  PVECTORS_92          
0     000086f3  PVECTORS_93          
0     000086f4  PVECTORS_94          
0     000086f5  PVECTORS_95          
0     000086f6  PVECTORS_96          
0     000086f7  PVECTORS_97          
0     000086f8  PVECTORS_98          
0     000086f9  PVECTORS_99          
0     000086fa  PVECTORS_100         
0     000086fb  PVECTORS_101         
0     000086fc  PVECTORS_102         
0     000086fd  PVECTORS_103         
0     000086fe  PVECTORS_104         
0     000086ff  PVECTORS_105         
0     00008700  PVECTORS_106         
0     00008701  PVECTORS_107         
0     00008702  PVECTORS_108         
0     00008703  PVECTORS_109         
0     00008704  PVECTORS_110         
0     00008705  PVECTORS_111         
0     00008706  PVECTORS_112         
0     00008707  PVECTORS_113         
0     00008708  PVECTORS_114         
0     00008709  PVECTORS_115         
0     0000870a  PVECTORS_116         
0     0000870b  PVECTORS_117         
0     0000870c  PVECTORS_118         
0     0000870d  PVECTORS_119         
0     0000870e  PVECTORS_120         
0     0000870f  PVECTORS_121         
0     00008710  PVECTORS_122         
0     00008711  PVECTORS_123         
0     00008712  PVECTORS_124         
0     00008713  PVECTORS_125         
0     00008714  PVECTORS_126         
0     00008715  PVECTORS_127         
0     00008716  PVECTORS_53          
0     000087bb  ___etext__           
0     000087bb  etext                
0     003f6000  _text_loadstart      
0     003f67bb  copy_sections        
0     003f7ff6  code_start           
abs   000007bb  _text_size           
abs   ffffffff  ___TI_pprof_out_hndl 
abs   ffffffff  ___TI_prof_data_size 
abs   ffffffff  ___TI_prof_data_start
abs   ffffffff  ___binit__           
abs   ffffffff  ___c_args__          
abs   ffffffff  ___cinit__           
abs   ffffffff  ___pinit__           
abs   ffffffff  binit                
abs   ffffffff  cinit                
abs   ffffffff  pinit                

[149 symbols]
